<html>
<body>
<pre>
<h1>µVision Build Log</h1>
<h2>Tool Versions:</h2>
IDE-Version: µVision V5.40.0.0
Copyright (C) 2024 ARM Ltd and ARM Germany GmbH. All rights reserved.
License Information: a a, aa, LIC=----
 
Tool Versions:
Toolchain:       MDK-Lite  Version: 5.40.0.3
Toolchain Path:  C:\Users\gbmhi\AppData\Local\Keil_v5\ARM\ARM_Compiler_v5\Bin
C Compiler:      Armcc.exe V5.06 update 7 (build 960)
Assembler:       Armasm.exe V5.06 update 7 (build 960)
Linker/Locator:  ArmLink.exe V5.06 update 7 (build 960)
Library Manager: ArmAr.exe V5.06 update 7 (build 960)
Hex Converter:   FromElf.exe V5.06 update 7 (build 960)
CPU DLL:         SARMCM3.DLL V5.40.0.3
Dialog DLL:      DARMCM1.DLL V1.19.6.0
Target DLL:      PEMicro\Pemicro_ArmCortexInterface.dll V1.3.0.0
Dialog DLL:      TARMCM1.DLL V1.14.6.0
 
<h2>Project:</h2>
D:\Workspace\Embedded\Projects\Fall_Detection_MKL\Fall_Detection.uvprojx
Project File Date:  06/02/2024

<h2>Output:</h2>
*** Using Compiler 'V5.06 update 7 (build 960)', folder: 'C:\Users\gbmhi\AppData\Local\Keil_v5\ARM\ARM_Compiler_v5\Bin'
Build target 'Target 1'
compiling lcd.c...
systick.h(9): warning:  #1-D: last line of file ends without a newline
  #endif
clock.h(8): warning:  #1-D: last line of file ends without a newline
  #endif
lcd.h(15): warning:  #1-D: last line of file ends without a newline
  #endif
lcd.c(53): warning:  #61-D: integer operation result is out of range
  	LCD->GCR = (GCR_RVEN_EN |
lcd.c(53): warning:  #68-D: integer conversion resulted in a change of sign
  	LCD->GCR = (GCR_RVEN_EN |
lcd.c: 5 warnings, 0 errors
linking...
.\Objects\sw-ld.axf: Warning: L6914W: option ro-base ignored when using --scatter.
.\Objects\sw-ld.axf: Warning: L6914W: option rw-base ignored when using --scatter.
.\Objects\sw-ld.axf: Warning: L6340W: options first and last are ignored for link type of scattered
Program Size: Code=7784 RO-data=352 RW-data=32 ZI-data=2048  
Finished: 0 information, 3 warning and 0 error messages.
".\Objects\sw-ld.axf" - 0 Error(s), 8 Warning(s).

<h2>Software Packages used:</h2>

Package Vendor: ARM
                http://www.keil.com/pack/ARM.CMSIS.5.0.1.pack
                ARM::CMSIS@5.0.1
                CMSIS (Cortex Microcontroller Software Interface Standard)
   * Component: CORE Version: 5.0.1

Package Vendor: NXP
                http://mcuxpresso.nxp.com/cmsis_pack/repo/NXP.MKL46Z4_DFP.10.0.3.pack
                NXP::MKL46Z4_DFP@10.0.3
                Device Family Pack for MKL46Z4
   * Component: Startup Version: 1.0.0

<h2>Collection of Component include folders:</h2>
  ./RTE/Device/MKL46Z256VLL4
  ./RTE/_Target_1
  C:/Users/gbmhi/AppData/Local/Arm/Packs/ARM/CMSIS/5.0.1/CMSIS/Include

<h2>Collection of Component Files used:</h2>

   * Component: ARM::CMSIS:CORE@5.0.1

   * Component: NXP::Device:Startup@1.0.0
      Include file:  MKL46Z4_features.h
      Include file:  system_MKL46Z4.h
      Include file:  fsl_device_registers.h
      Include file:  MKL46Z4.h
      Source file:   arm/startup_MKL46Z4.s
      Source file:   system_MKL46Z4.c
Build Time Elapsed:  00:00:01
</pre>
</body>
</html>
