<html>
<body>
<pre>
<h1>µVision Build Log</h1>
<h2>Tool Versions:</h2>
IDE-Version: µVision V5.40.0.0
Copyright (C) 2024 ARM Ltd and ARM Germany GmbH. All rights reserved.
License Information: a a, aa, LIC=----
 
Tool Versions:
Toolchain:       MDK-Lite  Version: 5.40.0.3
Toolchain Path:  C:\Users\gbmhi\AppData\Local\Keil_v5\ARM\ARM_Compiler_v5\Bin
C Compiler:      Armcc.exe V5.06 update 7 (build 960)
Assembler:       Armasm.exe V5.06 update 7 (build 960)
Linker/Locator:  ArmLink.exe V5.06 update 7 (build 960)
Library Manager: ArmAr.exe V5.06 update 7 (build 960)
Hex Converter:   FromElf.exe V5.06 update 7 (build 960)
CPU DLL:         SARMCM3.DLL V5.40.0.3
Dialog DLL:      DARMCM1.DLL V1.19.6.0
Target DLL:      PEMicro\Pemicro_ArmCortexInterface.dll V1.3.0.0
Dialog DLL:      TARMCM1.DLL V1.14.6.0
 
<h2>Project:</h2>
D:\Workspace\Embedded\Projects\Fall_Detection_MKL\Fall_Detection.uvprojx
Project File Date:  06/02/2024

<h2>Output:</h2>
*** Using Compiler 'V5.06 update 7 (build 960)', folder: 'C:\Users\gbmhi\AppData\Local\Keil_v5\ARM\ARM_Compiler_v5\Bin'
Build target 'Target 1'
compiling i2c.c...
systick.h(9): warning:  #1-D: last line of file ends without a newline
  #endif
uart.h(8): warning:  #1295-D: Deprecated declaration uart_init - give arg types
  void uart_init();
uart.h(12): warning:  #1-D: last line of file ends without a newline
  #endif
i2c.h(17): warning:  #1-D: last line of file ends without a newline
  #endif
i2c.c(58): warning:  #550-D: variable "temp"  was set but never used
  	unsigned char temp = 0;
i2c.c(89): warning:  #550-D: variable "temp"  was set but never used
  	unsigned char temp = 0;
i2c.c(152): warning:  #1-D: last line of file ends without a newline
  }
i2c.c: 7 warnings, 0 errors
compiling accel.c...
systick.h(9): warning:  #1-D: last line of file ends without a newline
  #endif
uart.h(8): warning:  #1295-D: Deprecated declaration uart_init - give arg types
  void uart_init();
uart.h(12): warning:  #1-D: last line of file ends without a newline
  #endif
i2c.h(17): warning:  #1-D: last line of file ends without a newline
  #endif
accel.h(72): warning:  #1-D: last line of file ends without a newline
  #endif
accel.c(74): warning:  #1-D: last line of file ends without a newline
  }
accel.c: 6 warnings, 0 errors
compiling timer.c...
timer.h(14): warning:  #1-D: last line of file ends without a newline
  #endif
timer.c(29): warning:  #188-D: enumerated type mixed with another type
  	NVIC_ClearPendingIRQ(22);
timer.c(30): warning:  #188-D: enumerated type mixed with another type
  	NVIC_SetPriority(22, 14);
timer.c(31): warning:  #188-D: enumerated type mixed with another type
  	NVIC_EnableIRQ(22);
timer.c(32): warning:  #1-D: last line of file ends without a newline
  }
timer.c: 5 warnings, 0 errors
compiling clock.c...
systick.h(9): warning:  #1-D: last line of file ends without a newline
  #endif
clock.h(8): warning:  #1-D: last line of file ends without a newline
  #endif
clock.c: 2 warnings, 0 errors
compiling main.c...
systick.h(9): warning:  #1-D: last line of file ends without a newline
  #endif
uart.h(8): warning:  #1295-D: Deprecated declaration uart_init - give arg types
  void uart_init();
uart.h(12): warning:  #1-D: last line of file ends without a newline
  #endif
clock.h(8): warning:  #1-D: last line of file ends without a newline
  #endif
lcd.h(15): warning:  #1-D: last line of file ends without a newline
  #endif
i2c.h(17): warning:  #1-D: last line of file ends without a newline
  #endif
accel.h(72): warning:  #1-D: last line of file ends without a newline
  #endif
timer.h(14): warning:  #1-D: last line of file ends without a newline
  #endif
main.c(143): warning:  #1182-D: a declaration cannot have a label
          int8_t x = 0, y = 0, z = 0;
main.c(239): warning:  #1-D: last line of file ends without a newline
  #endif
main.c: 10 warnings, 0 errors
linking...
.\Objects\sw-ld.axf: Warning: L6914W: option ro-base ignored when using --scatter.
.\Objects\sw-ld.axf: Warning: L6914W: option rw-base ignored when using --scatter.
.\Objects\sw-ld.axf: Warning: L6340W: options first and last are ignored for link type of scattered
Program Size: Code=8100 RO-data=352 RW-data=32 ZI-data=2048  
Finished: 0 information, 3 warning and 0 error messages.
".\Objects\sw-ld.axf" - 0 Error(s), 33 Warning(s).

<h2>Software Packages used:</h2>

Package Vendor: ARM
                http://www.keil.com/pack/ARM.CMSIS.5.0.1.pack
                ARM::CMSIS@5.0.1
                CMSIS (Cortex Microcontroller Software Interface Standard)
   * Component: CORE Version: 5.0.1

Package Vendor: NXP
                http://mcuxpresso.nxp.com/cmsis_pack/repo/NXP.MKL46Z4_DFP.10.0.3.pack
                NXP::MKL46Z4_DFP@10.0.3
                Device Family Pack for MKL46Z4
   * Component: Startup Version: 1.0.0

<h2>Collection of Component include folders:</h2>
  ./RTE/Device/MKL46Z256VLL4
  ./RTE/_Target_1
  C:/Users/gbmhi/AppData/Local/Arm/Packs/ARM/CMSIS/5.0.1/CMSIS/Include

<h2>Collection of Component Files used:</h2>

   * Component: ARM::CMSIS:CORE@5.0.1

   * Component: NXP::Device:Startup@1.0.0
      Source file:   arm/startup_MKL46Z4.s
      Include file:  MKL46Z4_features.h
      Include file:  fsl_device_registers.h
      Include file:  MKL46Z4.h
      Include file:  system_MKL46Z4.h
      Source file:   system_MKL46Z4.c
Build Time Elapsed:  00:00:02
</pre>
</body>
</html>
