Component: ARM Compiler 5.06 update 7 (build 960) Tool: armlink [4d3601]

==============================================================================

Section Cross References

    main.o(i.PIT_IRQHandler) refers to led.o(i.led_toggle) for led_toggle
    main.o(i.PIT_IRQHandler) refers to main.o(.data) for count
    main.o(i.PORTC_PORTD_IRQHandler) refers to accel.o(i.accel_config) for accel_config
    main.o(i.PORTC_PORTD_IRQHandler) refers to lcd.o(i.lcd_display_digit) for lcd_display_digit
    main.o(i.PORTC_PORTD_IRQHandler) refers to lcd.o(i.lcd_clear) for lcd_clear
    main.o(i.PORTC_PORTD_IRQHandler) refers to led.o(i.led_off) for led_off
    main.o(i.PORTC_PORTD_IRQHandler) refers to i2c.o(i.i2c_read_single_byte) for i2c_read_single_byte
    main.o(i.PORTC_PORTD_IRQHandler) refers to main.o(i.convert_to_g) for convert_to_g
    main.o(i.PORTC_PORTD_IRQHandler) refers to frlef.o(x$fpl$frleqf) for __aeabi_cfrcmple
    main.o(i.PORTC_PORTD_IRQHandler) refers to faddsub.o(x$fpl$fsub) for __aeabi_fsub
    main.o(i.PORTC_PORTD_IRQHandler) refers to f2d.o(.text) for __aeabi_f2d
    main.o(i.PORTC_PORTD_IRQHandler) refers to drlef.o(x$fpl$drleqf) for __aeabi_cdrcmple
    main.o(i.PORTC_PORTD_IRQHandler) refers to led.o(i.led_on) for led_on
    main.o(i.PORTC_PORTD_IRQHandler) refers to main.o(.data) for main_status
    main.o(i.convert_to_g) refers to fflti.o(.text) for __aeabi_i2f
    main.o(i.convert_to_g) refers to fmul.o(x$fpl$fmul) for __aeabi_fmul
    main.o(i.main) refers to clock.o(i.mcg_clock_config) for mcg_clock_config
    main.o(i.main) refers to systick.o(i.systick_init) for systick_init
    main.o(i.main) refers to switch.o(i.switch_init) for switch_init
    main.o(i.main) refers to uart.o(i.uart_init) for uart_init
    main.o(i.main) refers to led.o(i.led_init) for led_init
    main.o(i.main) refers to lcd.o(i.lcd_init) for lcd_init
    main.o(i.main) refers to i2c.o(i.i2c_init) for i2c_init
    main.o(i.main) refers to accel.o(i.accel_init) for accel_init
    main.o(i.main) refers to timer.o(i.pit_timer_init) for pit_timer_init
    main.o(i.main) refers to accel.o(i.accel_config) for accel_config
    main.o(i.main) refers to main.o(.data) for state
    switch.o(i.switch_init) refers to switch.o(i.__NVIC_SetPriority) for __NVIC_SetPriority
    systick.o(i.SysTick_Handler) refers to systick.o(.data) for msTicks
    systick.o(i.delay_ms) refers to systick.o(.data) for msTicks
    systick.o(i.systick_init) refers to aeabi_sdiv.o(.text) for __aeabi_uidivmod
    systick.o(i.systick_init) refers to systick.o(i.__NVIC_SetPriority) for __NVIC_SetPriority
    systick.o(i.systick_init) refers to system_mkl46z4.o(.data) for SystemCoreClock
    uart.o(i.uart_init) refers to aeabi_sdiv.o(.text) for __aeabi_uidivmod
    uart.o(i.uart_init) refers to system_mkl46z4.o(.data) for SystemCoreClock
    uart.o(i.uart_send_msg) refers to uart.o(i.uart_tx) for uart_tx
    clock.o(i.mcg_clock_config) refers to system_mkl46z4.o(i.SystemCoreClockUpdate) for SystemCoreClockUpdate
    lcd.o(i.lcd_display_digit) refers to lcd.o(i.lcd_set_frontplane_segments) for lcd_set_frontplane_segments
    lcd.o(i.lcd_display_digit) refers to lcd.o(i.lcd_set_backplane_phase) for lcd_set_backplane_phase
    accel.o(i.accel_config) refers to i2c.o(i.i2c_write_single_byte) for i2c_write_single_byte
    accel.o(i.accel_init) refers to i2c.o(i.i2c_read_single_byte) for i2c_read_single_byte
    accel.o(i.accel_init) refers to uart.o(i.uart_send_msg) for uart_send_msg
    accel.o(i.accel_init) refers to i2c.o(i.i2c_write_single_byte) for i2c_write_single_byte
    accel.o(i.accel_init) refers to accel.o(i.accel_config) for accel_config
    accel.o(i.accel_init) refers to accel.o(i.__NVIC_SetPriority) for __NVIC_SetPriority
    timer.o(i.pit_timer_init) refers to f2d.o(.text) for __aeabi_f2d
    timer.o(i.pit_timer_init) refers to ddiv.o(.text) for __aeabi_ddiv
    timer.o(i.pit_timer_init) refers to daddsub.o(.text) for __aeabi_dsub
    timer.o(i.pit_timer_init) refers to dfixui.o(.text) for __aeabi_d2uiz
    timer.o(i.pit_timer_init) refers to timer.o(i.__NVIC_SetPriority) for __NVIC_SetPriority
    startup_mkl46z4.o(RESET) refers to startup_mkl46z4.o(.text) for Reset_Handler
    startup_mkl46z4.o(RESET) refers to systick.o(i.SysTick_Handler) for SysTick_Handler
    startup_mkl46z4.o(RESET) refers to main.o(i.PIT_IRQHandler) for PIT_IRQHandler
    startup_mkl46z4.o(RESET) refers to main.o(i.PORTC_PORTD_IRQHandler) for PORTC_PORTD_IRQHandler
    startup_mkl46z4.o(.text) refers to startup_mkl46z4.o(FlashConfig) for FlashConfig
    startup_mkl46z4.o(.text) refers to startup_mkl46z4.o(RESET) for __Vectors
    startup_mkl46z4.o(.text) refers to system_mkl46z4.o(i.SystemInit) for SystemInit
    startup_mkl46z4.o(.text) refers to __main.o(!!!main) for __main
    system_mkl46z4.o(i.SystemCoreClockUpdate) refers to aeabi_sdiv.o(.text) for __aeabi_uidivmod
    system_mkl46z4.o(i.SystemCoreClockUpdate) refers to system_mkl46z4.o(i.__ARM_common_switch8) for __ARM_common_switch8
    system_mkl46z4.o(i.SystemCoreClockUpdate) refers to system_mkl46z4.o(.data) for SystemCoreClock
    system_mkl46z4.o(i.SystemInit) refers to system_mkl46z4.o(i.SystemInitHook) for SystemInitHook
    __main.o(!!!main) refers to __rtentry.o(.ARM.Collect$$rtentry$$00000000) for __rt_entry
    daddsub.o(.text) refers (Special) to usenofp.o(x$fpl$usenofp) for __I$use$fp
    ddiv.o(.text) refers (Special) to usenofp.o(x$fpl$usenofp) for __I$use$fp
    ddiv.o(.text) refers to ddiv.o(.constdata) for .constdata
    ddiv.o(.constdata) refers (Special) to usenofp.o(x$fpl$usenofp) for __I$use$fp
    dfixui.o(.text) refers (Special) to usenofp.o(x$fpl$usenofp) for __I$use$fp
    drlef.o(x$fpl$drleqf) refers (Special) to usenofp.o(x$fpl$usenofp) for __I$use$fp
    drlef.o(x$fpl$drleqf) refers to dcmpin.o(.text) for __fpl_dcmp_InfNaN
    f2d.o(.text) refers (Special) to usenofp.o(x$fpl$usenofp) for __I$use$fp
    faddsub.o(x$fpl$fadd) refers (Special) to usenofp.o(x$fpl$usenofp) for __I$use$fp
    faddsub.o(x$fpl$fadd) refers to faddsub.o(x$fpl$fsub) for _fsub1
    faddsub.o(x$fpl$frsb) refers (Special) to usenofp.o(x$fpl$usenofp) for __I$use$fp
    faddsub.o(x$fpl$frsb) refers to faddsub.o(x$fpl$fsub) for _fsub1
    faddsub.o(x$fpl$frsb) refers to faddsub.o(x$fpl$fadd) for _fadd1
    faddsub.o(x$fpl$fsub) refers (Special) to usenofp.o(x$fpl$usenofp) for __I$use$fp
    faddsub.o(x$fpl$fsub) refers to faddsub.o(x$fpl$fadd) for _fadd1
    fflti.o(.text) refers (Special) to usenofp.o(x$fpl$usenofp) for __I$use$fp
    fmul.o(x$fpl$fmul) refers (Special) to usenofp.o(x$fpl$usenofp) for __I$use$fp
    frlef.o(x$fpl$frleqf) refers (Special) to usenofp.o(x$fpl$usenofp) for __I$use$fp
    frlef.o(x$fpl$frleqf) refers to fcmpin.o(.text) for __fpl_fcmp_InfNaN
    __rtentry.o(.ARM.Collect$$rtentry$$00000000) refers (Special) to __rtentry2.o(.ARM.Collect$$rtentry$$0000000A) for __rt_entry_li
    __rtentry.o(.ARM.Collect$$rtentry$$00000000) refers (Special) to __rtentry2.o(.ARM.Collect$$rtentry$$0000000D) for __rt_entry_main
    __rtentry.o(.ARM.Collect$$rtentry$$00000000) refers (Special) to __rtentry2.o(.ARM.Collect$$rtentry$$0000000C) for __rt_entry_postli_1
    __rtentry.o(.ARM.Collect$$rtentry$$00000000) refers (Special) to __rtentry2.o(.ARM.Collect$$rtentry$$00000009) for __rt_entry_postsh_1
    __rtentry.o(.ARM.Collect$$rtentry$$00000000) refers (Special) to __rtentry2.o(.ARM.Collect$$rtentry$$00000002) for __rt_entry_presh_1
    __rtentry.o(.ARM.Collect$$rtentry$$00000000) refers (Special) to __rtentry7.o(.ARM.Collect$$rtentry$$00000007) for __rt_entry_sh
    aeabi_idiv0_sigfpe.o(.text) refers to rt_div0.o(.text) for __rt_div0
    dcmpin.o(.text) refers (Special) to usenofp.o(x$fpl$usenofp) for __I$use$fp
    dcmpin.o(.text) refers to cmpret.o(.text) for __fpl_cmpreturn
    dcmpin.o(.text) refers to dnan2.o(.text) for __fpl_dcheck_NaN2
    fcmpin.o(.text) refers (Special) to usenofp.o(x$fpl$usenofp) for __I$use$fp
    fcmpin.o(.text) refers to cmpret.o(.text) for __fpl_cmpreturn
    fcmpin.o(.text) refers to fnan2.o(.text) for __fpl_fcheck_NaN2
    __rtentry2.o(.ARM.Collect$$rtentry$$00000008) refers to boardinit2.o(.text) for _platform_post_stackheap_init
    __rtentry2.o(.ARM.Collect$$rtentry$$0000000A) refers to libinit.o(.ARM.Collect$$libinit$$00000000) for __rt_lib_init
    __rtentry2.o(.ARM.Collect$$rtentry$$0000000B) refers to boardinit3.o(.text) for _platform_post_lib_init
    __rtentry2.o(.ARM.Collect$$rtentry$$0000000D) refers to main.o(i.main) for main
    __rtentry2.o(.ARM.Collect$$rtentry$$0000000D) refers to exit.o(.text) for exit
    __rtentry2.o(.ARM.exidx) refers to __rtentry2.o(.ARM.Collect$$rtentry$$00000001) for .ARM.Collect$$rtentry$$00000001
    __rtentry2.o(.ARM.exidx) refers to __rtentry2.o(.ARM.Collect$$rtentry$$00000008) for .ARM.Collect$$rtentry$$00000008
    __rtentry2.o(.ARM.exidx) refers to __rtentry2.o(.ARM.Collect$$rtentry$$0000000A) for .ARM.Collect$$rtentry$$0000000A
    __rtentry2.o(.ARM.exidx) refers to __rtentry2.o(.ARM.Collect$$rtentry$$0000000B) for .ARM.Collect$$rtentry$$0000000B
    __rtentry2.o(.ARM.exidx) refers to __rtentry2.o(.ARM.Collect$$rtentry$$0000000D) for .ARM.Collect$$rtentry$$0000000D
    __rtentry4.o(.ARM.Collect$$rtentry$$00000004) refers to sys_stackheap_outer.o(.text) for __user_setup_stackheap
    __rtentry4.o(.ARM.exidx) refers to __rtentry4.o(.ARM.Collect$$rtentry$$00000004) for .ARM.Collect$$rtentry$$00000004
    __rtentry7.o(.ARM.Collect$$rtentry$$00000007) refers to __rtentry7.o(.ARM.Collect$$rtentry$$00002718) for __lit__00000000
    __rtentry7.o(__vectab_stack_and_reset_2_area) refers to __main.o(!!!main) for __main
    __rtentry7.o(.ARM.exidx) refers to __rtentry7.o(.ARM.Collect$$rtentry$$00000007) for .ARM.Collect$$rtentry$$00000007
    __rtentry7.o(.ARM.exidx) refers to __rtentry7.o(.ARM.Collect$$rtentry$$00002718) for .ARM.Collect$$rtentry$$00002718
    rt_div0.o(.text) refers to defsig_fpe_outer.o(.text) for __rt_SIGFPE
    cmpret.o(.text) refers (Special) to usenofp.o(x$fpl$usenofp) for __I$use$fp
    dnan2.o(.text) refers (Special) to usenofp.o(x$fpl$usenofp) for __I$use$fp
    dnan2.o(.text) refers to retnan.o(.text) for __fpl_return_NaN
    fnan2.o(.text) refers (Special) to usenofp.o(x$fpl$usenofp) for __I$use$fp
    fnan2.o(.text) refers to retnan.o(.text) for __fpl_return_NaN
    sys_stackheap_outer.o(.text) refers to libspace.o(.text) for __user_perproc_libspace
    sys_stackheap_outer.o(.text) refers to sys_stackheap.o(.text) for __user_initial_stackheap
    sys_stackheap_outer.o(__vectab_stack_and_reset_area) refers to tempstk.o(.text) for __temporary_stack_top
    sys_stackheap_outer.o(__vectab_stack_and_reset_area) refers to __main.o(!!!main) for __main
    exit.o(.text) refers to rtexit.o(.ARM.Collect$$rtexit$$00000000) for __rt_exit
    defsig_fpe_outer.o(.text) refers to defsig_fpe_inner.o(.text) for __rt_SIGFPE_inner
    defsig_fpe_outer.o(.text) refers to defsig_exit.o(.text) for __sig_exit
    defsig_fpe_formal.o(.text) refers to rt_raise.o(.text) for __rt_raise
    libinit.o(.ARM.Collect$$libinit$$00000000) refers (Special) to libinit2.o(.ARM.Collect$$libinit$$0000002E) for __rt_lib_init_alloca_1
    libinit.o(.ARM.Collect$$libinit$$00000000) refers (Special) to libinit2.o(.ARM.Collect$$libinit$$0000002C) for __rt_lib_init_argv_1
    libinit.o(.ARM.Collect$$libinit$$00000000) refers (Special) to libinit2.o(.ARM.Collect$$libinit$$0000001B) for __rt_lib_init_atexit_1
    libinit.o(.ARM.Collect$$libinit$$00000000) refers (Special) to libinit2.o(.ARM.Collect$$libinit$$00000021) for __rt_lib_init_clock_1
    libinit.o(.ARM.Collect$$libinit$$00000000) refers (Special) to libinit2.o(.ARM.Collect$$libinit$$00000032) for __rt_lib_init_cpp_1
    libinit.o(.ARM.Collect$$libinit$$00000000) refers (Special) to libinit2.o(.ARM.Collect$$libinit$$00000030) for __rt_lib_init_exceptions_1
    libinit.o(.ARM.Collect$$libinit$$00000000) refers (Special) to libinit2.o(.ARM.Collect$$libinit$$00000002) for __rt_lib_init_fp_1
    libinit.o(.ARM.Collect$$libinit$$00000000) refers (Special) to libinit2.o(.ARM.Collect$$libinit$$0000001F) for __rt_lib_init_fp_trap_1
    libinit.o(.ARM.Collect$$libinit$$00000000) refers (Special) to libinit2.o(.ARM.Collect$$libinit$$00000023) for __rt_lib_init_getenv_1
    libinit.o(.ARM.Collect$$libinit$$00000000) refers (Special) to libinit2.o(.ARM.Collect$$libinit$$0000000A) for __rt_lib_init_heap_1
    libinit.o(.ARM.Collect$$libinit$$00000000) refers (Special) to libinit2.o(.ARM.Collect$$libinit$$00000011) for __rt_lib_init_lc_collate_1
    libinit.o(.ARM.Collect$$libinit$$00000000) refers (Special) to libinit2.o(.ARM.Collect$$libinit$$00000013) for __rt_lib_init_lc_ctype_1
    libinit.o(.ARM.Collect$$libinit$$00000000) refers (Special) to libinit2.o(.ARM.Collect$$libinit$$00000015) for __rt_lib_init_lc_monetary_1
    libinit.o(.ARM.Collect$$libinit$$00000000) refers (Special) to libinit2.o(.ARM.Collect$$libinit$$00000017) for __rt_lib_init_lc_numeric_1
    libinit.o(.ARM.Collect$$libinit$$00000000) refers (Special) to libinit2.o(.ARM.Collect$$libinit$$00000019) for __rt_lib_init_lc_time_1
    libinit.o(.ARM.Collect$$libinit$$00000000) refers (Special) to libinit2.o(.ARM.Collect$$libinit$$00000004) for __rt_lib_init_preinit_1
    libinit.o(.ARM.Collect$$libinit$$00000000) refers (Special) to libinit2.o(.ARM.Collect$$libinit$$0000000E) for __rt_lib_init_rand_1
    libinit.o(.ARM.Collect$$libinit$$00000000) refers (Special) to libinit2.o(.ARM.Collect$$libinit$$00000033) for __rt_lib_init_return
    libinit.o(.ARM.Collect$$libinit$$00000000) refers (Special) to libinit2.o(.ARM.Collect$$libinit$$0000001D) for __rt_lib_init_signal_1
    libinit.o(.ARM.Collect$$libinit$$00000000) refers (Special) to libinit2.o(.ARM.Collect$$libinit$$00000025) for __rt_lib_init_stdio_1
    libinit.o(.ARM.Collect$$libinit$$00000000) refers (Special) to libinit2.o(.ARM.Collect$$libinit$$0000000C) for __rt_lib_init_user_alloc_1
    retnan.o(.text) refers (Special) to usenofp.o(x$fpl$usenofp) for __I$use$fp
    retnan.o(.text) refers to cmpret.o(.text) for __fpl_cmpreturn
    libspace.o(.text) refers to libspace.o(.bss) for __libspace_start
    sys_stackheap.o(.text) refers (Special) to indicate_semi.o(.text) for __semihosting_library_function
    sys_stackheap.o(.text) refers to use_no_semi.o(.text) for __I$use$semihosting
    rtexit.o(.ARM.Collect$$rtexit$$00000000) refers (Special) to rtexit2.o(.ARM.Collect$$rtexit$$00000004) for __rt_exit_exit
    rtexit.o(.ARM.Collect$$rtexit$$00000000) refers (Special) to rtexit2.o(.ARM.Collect$$rtexit$$00000003) for __rt_exit_ls
    rtexit.o(.ARM.Collect$$rtexit$$00000000) refers (Special) to rtexit2.o(.ARM.Collect$$rtexit$$00000002) for __rt_exit_prels_1
    rtexit.o(.ARM.exidx) refers (Special) to rtexit2.o(.ARM.Collect$$rtexit$$00000004) for __rt_exit_exit
    rtexit.o(.ARM.exidx) refers (Special) to rtexit2.o(.ARM.Collect$$rtexit$$00000003) for __rt_exit_ls
    rtexit.o(.ARM.exidx) refers (Special) to rtexit2.o(.ARM.Collect$$rtexit$$00000002) for __rt_exit_prels_1
    rtexit.o(.ARM.exidx) refers to rtexit.o(.ARM.Collect$$rtexit$$00000000) for .ARM.Collect$$rtexit$$00000000
    rt_raise.o(.text) refers to __raise.o(.text) for __raise
    rt_raise.o(.text) refers to sys_exit.o(.text) for _sys_exit
    defsig_exit.o(.text) refers to sys_exit.o(.text) for _sys_exit
    defsig_fpe_inner.o(.text) refers to defsig_general.o(.text) for __default_signal_display
    libinit2.o(.ARM.Collect$$libinit$$00000010) refers to libinit2.o(.ARM.Collect$$libinit$$0000000F) for .ARM.Collect$$libinit$$0000000F
    libinit2.o(.ARM.Collect$$libinit$$00000012) refers to libinit2.o(.ARM.Collect$$libinit$$0000000F) for .ARM.Collect$$libinit$$0000000F
    libinit2.o(.ARM.Collect$$libinit$$00000014) refers to libinit2.o(.ARM.Collect$$libinit$$0000000F) for .ARM.Collect$$libinit$$0000000F
    libinit2.o(.ARM.Collect$$libinit$$00000016) refers to libinit2.o(.ARM.Collect$$libinit$$0000000F) for .ARM.Collect$$libinit$$0000000F
    libinit2.o(.ARM.Collect$$libinit$$00000018) refers to libinit2.o(.ARM.Collect$$libinit$$0000000F) for .ARM.Collect$$libinit$$0000000F
    libinit2.o(.ARM.Collect$$libinit$$00000026) refers to argv_veneer.o(.text) for __ARM_argv_veneer
    libinit2.o(.ARM.Collect$$libinit$$00000027) refers to argv_veneer.o(.text) for __ARM_argv_veneer
    libinit5.o(.ARM.Collect$$libinit$$00000008) refers to libinit5.o(.ARM.Collect$$libinit$$00002719) for __lit__00000000
    libinit5.o(.ARM.Collect$$libinit$$0000002A) refers to libinit5.o(.ARM.Collect$$libinit$$0000273B) for __lit__00000002
    libinit5.o(.ARM.Collect$$libinit$$0000002A) refers to argv_veneer.o(.text) for __ARM_argv_veneer
    sys_exit.o(.text) refers (Special) to use_no_semi.o(.text) for __I$use$semihosting
    sys_exit.o(.text) refers (Special) to indicate_semi.o(.text) for __semihosting_library_function
    rtexit2.o(.ARM.Collect$$rtexit$$00000003) refers to libshutdown.o(.ARM.Collect$$libshutdown$$00000000) for __rt_lib_shutdown
    rtexit2.o(.ARM.Collect$$rtexit$$00000004) refers to sys_exit.o(.text) for _sys_exit
    rtexit2.o(.ARM.exidx) refers to rtexit2.o(.ARM.Collect$$rtexit$$00000001) for .ARM.Collect$$rtexit$$00000001
    rtexit2.o(.ARM.exidx) refers to rtexit2.o(.ARM.Collect$$rtexit$$00000003) for .ARM.Collect$$rtexit$$00000003
    rtexit2.o(.ARM.exidx) refers to rtexit2.o(.ARM.Collect$$rtexit$$00000004) for .ARM.Collect$$rtexit$$00000004
    __raise.o(.text) refers to defsig.o(CL$$defsig) for __default_signal_handler
    defsig_general.o(.text) refers to sys_wrch.o(.text) for _ttywrch
    sys_wrch.o(.text) refers (Special) to use_no_semi.o(.text) for __I$use$semihosting
    sys_wrch.o(.text) refers (Special) to indicate_semi.o(.text) for __semihosting_library_function
    defsig.o(CL$$defsig) refers to defsig_fpe_inner.o(.text) for __rt_SIGFPE_inner
    defsig.o(CL$$defsig) refers to defsig_rtmem_inner.o(.text) for __rt_SIGRTMEM_inner
    _get_argv_nomalloc.o(.text) refers (Special) to hrguard.o(.text) for __heap_region$guard
    _get_argv_nomalloc.o(.text) refers to defsig_rtmem_outer.o(.text) for __rt_SIGRTMEM
    _get_argv_nomalloc.o(.text) refers to sys_command.o(.text) for _sys_command_string
    libshutdown.o(.ARM.Collect$$libshutdown$$00000000) refers (Special) to libshutdown2.o(.ARM.Collect$$libshutdown$$00000004) for __rt_lib_shutdown_cpp_1
    libshutdown.o(.ARM.Collect$$libshutdown$$00000000) refers (Special) to libshutdown2.o(.ARM.Collect$$libshutdown$$00000002) for __rt_lib_shutdown_fini_1
    libshutdown.o(.ARM.Collect$$libshutdown$$00000000) refers (Special) to libshutdown2.o(.ARM.Collect$$libshutdown$$00000009) for __rt_lib_shutdown_fp_trap_1
    libshutdown.o(.ARM.Collect$$libshutdown$$00000000) refers (Special) to libshutdown2.o(.ARM.Collect$$libshutdown$$00000011) for __rt_lib_shutdown_heap_1
    libshutdown.o(.ARM.Collect$$libshutdown$$00000000) refers (Special) to libshutdown2.o(.ARM.Collect$$libshutdown$$00000012) for __rt_lib_shutdown_return
    libshutdown.o(.ARM.Collect$$libshutdown$$00000000) refers (Special) to libshutdown2.o(.ARM.Collect$$libshutdown$$0000000C) for __rt_lib_shutdown_signal_1
    libshutdown.o(.ARM.Collect$$libshutdown$$00000000) refers (Special) to libshutdown2.o(.ARM.Collect$$libshutdown$$00000006) for __rt_lib_shutdown_stdio_1
    libshutdown.o(.ARM.Collect$$libshutdown$$00000000) refers (Special) to libshutdown2.o(.ARM.Collect$$libshutdown$$0000000E) for __rt_lib_shutdown_user_alloc_1
    sys_command.o(.text) refers (Special) to use_no_semi.o(.text) for __I$use$semihosting
    sys_command.o(.text) refers (Special) to indicate_semi.o(.text) for __semihosting_library_function
    defsig_abrt_inner.o(.text) refers to defsig_general.o(.text) for __default_signal_display
    defsig_rtred_inner.o(.text) refers to defsig_general.o(.text) for __default_signal_display
    defsig_rtmem_inner.o(.text) refers to defsig_general.o(.text) for __default_signal_display
    defsig_rtmem_outer.o(.text) refers to defsig_rtmem_inner.o(.text) for __rt_SIGRTMEM_inner
    defsig_rtmem_outer.o(.text) refers to defsig_exit.o(.text) for __sig_exit
    defsig_rtmem_formal.o(.text) refers to rt_raise.o(.text) for __rt_raise
    defsig_stak_inner.o(.text) refers to defsig_general.o(.text) for __default_signal_display
    defsig_pvfn_inner.o(.text) refers to defsig_general.o(.text) for __default_signal_display
    defsig_cppl_inner.o(.text) refers to defsig_general.o(.text) for __default_signal_display
    defsig_segv_inner.o(.text) refers to defsig_general.o(.text) for __default_signal_display
    defsig_other.o(.text) refers to defsig_general.o(.text) for __default_signal_display


==============================================================================

Removing Unused input sections from the image.

    Removing main.o(.rev16_text), (4 bytes).
    Removing main.o(.revsh_text), (4 bytes).
    Removing main.o(.bss), (50 bytes).
    Removing led.o(.rev16_text), (4 bytes).
    Removing led.o(.revsh_text), (4 bytes).
    Removing switch.o(.rev16_text), (4 bytes).
    Removing switch.o(.revsh_text), (4 bytes).
    Removing systick.o(.rev16_text), (4 bytes).
    Removing systick.o(.revsh_text), (4 bytes).
    Removing systick.o(i.delay_ms), (24 bytes).
    Removing uart.o(.rev16_text), (4 bytes).
    Removing uart.o(.revsh_text), (4 bytes).
    Removing clock.o(.rev16_text), (4 bytes).
    Removing clock.o(.revsh_text), (4 bytes).
    Removing lcd.o(.rev16_text), (4 bytes).
    Removing lcd.o(.revsh_text), (4 bytes).
    Removing accel.o(.rev16_text), (4 bytes).
    Removing accel.o(.revsh_text), (4 bytes).
    Removing i2c.o(.rev16_text), (4 bytes).
    Removing i2c.o(.revsh_text), (4 bytes).
    Removing i2c.o(i.i2c_read_multiple_byte), (308 bytes).
    Removing i2c.o(i.i2c_write_multiple_byte), (160 bytes).
    Removing timer.o(.rev16_text), (4 bytes).
    Removing timer.o(.revsh_text), (4 bytes).
    Removing system_mkl46z4.o(.rev16_text), (4 bytes).
    Removing system_mkl46z4.o(.revsh_text), (4 bytes).

26 unused section(s) (total 630 bytes) removed from the image.

==============================================================================

Image Symbol Table

    Local Symbols

    Symbol Name                              Value     Ov Type        Size  Object(Section)

    RESET                                    0x00000000   Section      192  startup_mkl46z4.o(RESET)
    ../clib/angel/boardlib.s                 0x00000000   Number         0  boardinit3.o ABSOLUTE
    ../clib/angel/boardlib.s                 0x00000000   Number         0  boardshut.o ABSOLUTE
    ../clib/angel/boardlib.s                 0x00000000   Number         0  boardinit1.o ABSOLUTE
    ../clib/angel/boardlib.s                 0x00000000   Number         0  boardinit2.o ABSOLUTE
    ../clib/angel/handlers.s                 0x00000000   Number         0  __scatter_copy.o ABSOLUTE
    ../clib/angel/kernel.s                   0x00000000   Number         0  rtexit.o ABSOLUTE
    ../clib/angel/kernel.s                   0x00000000   Number         0  __rtentry.o ABSOLUTE
    ../clib/angel/kernel.s                   0x00000000   Number         0  __rtentry7.o ABSOLUTE
    ../clib/angel/kernel.s                   0x00000000   Number         0  rtexit2.o ABSOLUTE
    ../clib/angel/kernel.s                   0x00000000   Number         0  __rtentry4.o ABSOLUTE
    ../clib/angel/kernel.s                   0x00000000   Number         0  __rtentry2.o ABSOLUTE
    ../clib/angel/rt.s                       0x00000000   Number         0  aeabi_idiv0.o ABSOLUTE
    ../clib/angel/rt.s                       0x00000000   Number         0  rt_raise.o ABSOLUTE
    ../clib/angel/rt.s                       0x00000000   Number         0  rt_div0.o ABSOLUTE
    ../clib/angel/rt.s                       0x00000000   Number         0  aeabi_idiv0_sigfpe.o ABSOLUTE
    ../clib/angel/scatterp.s                 0x00000000   Number         0  __scatter.o ABSOLUTE
    ../clib/angel/startup.s                  0x00000000   Number         0  __main.o ABSOLUTE
    ../clib/angel/sys.s                      0x00000000   Number         0  tempstk.o ABSOLUTE
    ../clib/angel/sys.s                      0x00000000   Number         0  use_no_semi.o ABSOLUTE
    ../clib/angel/sys.s                      0x00000000   Number         0  indicate_semi.o ABSOLUTE
    ../clib/angel/sys.s                      0x00000000   Number         0  sys_stackheap_outer.o ABSOLUTE
    ../clib/angel/sys.s                      0x00000000   Number         0  libspace.o ABSOLUTE
    ../clib/angel/sys.s                      0x00000000   Number         0  sys_stackheap.o ABSOLUTE
    ../clib/angel/sysapp.c                   0x00000000   Number         0  sys_exit.o ABSOLUTE
    ../clib/angel/sysapp.c                   0x00000000   Number         0  sys_wrch.o ABSOLUTE
    ../clib/angel/sysapp.c                   0x00000000   Number         0  sys_command.o ABSOLUTE
    ../clib/armsys.c                         0x00000000   Number         0  argv_veneer.o ABSOLUTE
    ../clib/armsys.c                         0x00000000   Number         0  no_argv.o ABSOLUTE
    ../clib/armsys.c                         0x00000000   Number         0  _get_argv_nomalloc.o ABSOLUTE
    ../clib/division.s                       0x00000000   Number         0  aeabi_sdiv_div0.o ABSOLUTE
    ../clib/division.s                       0x00000000   Number         0  aeabi_sdiv.o ABSOLUTE
    ../clib/heapalloc.c                      0x00000000   Number         0  hrguard.o ABSOLUTE
    ../clib/libinit.s                        0x00000000   Number         0  libshutdown2.o ABSOLUTE
    ../clib/libinit.s                        0x00000000   Number         0  libshutdown.o ABSOLUTE
    ../clib/libinit.s                        0x00000000   Number         0  libinit5.o ABSOLUTE
    ../clib/libinit.s                        0x00000000   Number         0  libinit.o ABSOLUTE
    ../clib/libinit.s                        0x00000000   Number         0  libinit2.o ABSOLUTE
    ../clib/signal.c                         0x00000000   Number         0  defsig_segv_inner.o ABSOLUTE
    ../clib/signal.c                         0x00000000   Number         0  defsig_fpe_outer.o ABSOLUTE
    ../clib/signal.c                         0x00000000   Number         0  defsig_rtmem_inner.o ABSOLUTE
    ../clib/signal.c                         0x00000000   Number         0  defsig_fpe_formal.o ABSOLUTE
    ../clib/signal.c                         0x00000000   Number         0  defsig_cppl_inner.o ABSOLUTE
    ../clib/signal.c                         0x00000000   Number         0  defsig_rtmem_outer.o ABSOLUTE
    ../clib/signal.c                         0x00000000   Number         0  defsig_pvfn_inner.o ABSOLUTE
    ../clib/signal.c                         0x00000000   Number         0  defsig_other.o ABSOLUTE
    ../clib/signal.c                         0x00000000   Number         0  defsig_stak_inner.o ABSOLUTE
    ../clib/signal.c                         0x00000000   Number         0  defsig_rtmem_formal.o ABSOLUTE
    ../clib/signal.c                         0x00000000   Number         0  defsig_exit.o ABSOLUTE
    ../clib/signal.c                         0x00000000   Number         0  defsig_general.o ABSOLUTE
    ../clib/signal.c                         0x00000000   Number         0  __raise.o ABSOLUTE
    ../clib/signal.c                         0x00000000   Number         0  defsig_fpe_inner.o ABSOLUTE
    ../clib/signal.c                         0x00000000   Number         0  defsig_abrt_inner.o ABSOLUTE
    ../clib/signal.c                         0x00000000   Number         0  defsig_rtred_inner.o ABSOLUTE
    ../clib/signal.s                         0x00000000   Number         0  defsig.o ABSOLUTE
    ../clib/stdlib.c                         0x00000000   Number         0  exit.o ABSOLUTE
    ../fplib/cfplib/cmpret.c                 0x00000000   Number         0  cmpret.o ABSOLUTE
    ../fplib/cfplib/daddsub.c                0x00000000   Number         0  daddsub.o ABSOLUTE
    ../fplib/cfplib/dcmpin.c                 0x00000000   Number         0  dcmpin.o ABSOLUTE
    ../fplib/cfplib/ddiv.c                   0x00000000   Number         0  ddiv.o ABSOLUTE
    ../fplib/cfplib/f2d.c                    0x00000000   Number         0  f2d.o ABSOLUTE
    ../fplib/cfplib/fcmpin.c                 0x00000000   Number         0  fcmpin.o ABSOLUTE
    ../fplib/cfplib/ffix.c                   0x00000000   Number         0  dfixui.o ABSOLUTE
    ../fplib/cfplib/fflt.c                   0x00000000   Number         0  fflti.o ABSOLUTE
    ../fplib/cfplib/fpinit.c                 0x00000000   Number         0  fpinit.o ABSOLUTE
    ../fplib/cfplib/nan2.c                   0x00000000   Number         0  dnan2.o ABSOLUTE
    ../fplib/cfplib/nan2.c                   0x00000000   Number         0  fnan2.o ABSOLUTE
    ../fplib/cfplib/retnan.c                 0x00000000   Number         0  retnan.o ABSOLUTE
    ../fplib/drleqf6m.s                      0x00000000   Number         0  drlef.o ABSOLUTE
    ../fplib/faddsub6m.s                     0x00000000   Number         0  faddsub.o ABSOLUTE
    ../fplib/fmul6m.s                        0x00000000   Number         0  fmul.o ABSOLUTE
    ../fplib/frleqf6m.s                      0x00000000   Number         0  frlef.o ABSOLUTE
    ../fplib/usenofp.s                       0x00000000   Number         0  usenofp.o ABSOLUTE
    RTE/Device/MKL46Z256VLL4/startup_MKL46Z4.s 0x00000000   Number         0  startup_mkl46z4.o ABSOLUTE
    RTE/Device/MKL46Z256VLL4/system_MKL46Z4.c 0x00000000   Number         0  system_mkl46z4.o ABSOLUTE
    RTE\Device\MKL46Z256VLL4\system_MKL46Z4.c 0x00000000   Number         0  system_mkl46z4.o ABSOLUTE
    accel.c                                  0x00000000   Number         0  accel.o ABSOLUTE
    accel.c                                  0x00000000   Number         0  accel.o ABSOLUTE
    clock.c                                  0x00000000   Number         0  clock.o ABSOLUTE
    clock.c                                  0x00000000   Number         0  clock.o ABSOLUTE
    dc.s                                     0x00000000   Number         0  dc.o ABSOLUTE
    i2c.c                                    0x00000000   Number         0  i2c.o ABSOLUTE
    i2c.c                                    0x00000000   Number         0  i2c.o ABSOLUTE
    lcd.c                                    0x00000000   Number         0  lcd.o ABSOLUTE
    lcd.c                                    0x00000000   Number         0  lcd.o ABSOLUTE
    led.c                                    0x00000000   Number         0  led.o ABSOLUTE
    led.c                                    0x00000000   Number         0  led.o ABSOLUTE
    main.c                                   0x00000000   Number         0  main.o ABSOLUTE
    main.c                                   0x00000000   Number         0  main.o ABSOLUTE
    switch.c                                 0x00000000   Number         0  switch.o ABSOLUTE
    switch.c                                 0x00000000   Number         0  switch.o ABSOLUTE
    systick.c                                0x00000000   Number         0  systick.o ABSOLUTE
    systick.c                                0x00000000   Number         0  systick.o ABSOLUTE
    timer.c                                  0x00000000   Number         0  timer.o ABSOLUTE
    timer.c                                  0x00000000   Number         0  timer.o ABSOLUTE
    uart.c                                   0x00000000   Number         0  uart.o ABSOLUTE
    uart.c                                   0x00000000   Number         0  uart.o ABSOLUTE
    FlashConfig                              0x00000400   Section       16  startup_mkl46z4.o(FlashConfig)
    !!!main                                  0x00000410   Section        8  __main.o(!!!main)
    !!!scatter                               0x00000418   Section       60  __scatter.o(!!!scatter)
    !!handler_copy                           0x00000454   Section       26  __scatter_copy.o(!!handler_copy)
    .ARM.Collect$$libinit$$00000000          0x0000046e   Section        2  libinit.o(.ARM.Collect$$libinit$$00000000)
    .ARM.Collect$$libinit$$00000002          0x00000470   Section        0  libinit2.o(.ARM.Collect$$libinit$$00000002)
    .ARM.Collect$$libinit$$00000004          0x00000470   Section        0  libinit2.o(.ARM.Collect$$libinit$$00000004)
    .ARM.Collect$$libinit$$0000000A          0x00000470   Section        0  libinit2.o(.ARM.Collect$$libinit$$0000000A)
    .ARM.Collect$$libinit$$0000000C          0x00000470   Section        0  libinit2.o(.ARM.Collect$$libinit$$0000000C)
    .ARM.Collect$$libinit$$0000000E          0x00000470   Section        0  libinit2.o(.ARM.Collect$$libinit$$0000000E)
    .ARM.Collect$$libinit$$00000011          0x00000470   Section        0  libinit2.o(.ARM.Collect$$libinit$$00000011)
    .ARM.Collect$$libinit$$00000013          0x00000470   Section        0  libinit2.o(.ARM.Collect$$libinit$$00000013)
    .ARM.Collect$$libinit$$00000015          0x00000470   Section        0  libinit2.o(.ARM.Collect$$libinit$$00000015)
    .ARM.Collect$$libinit$$00000017          0x00000470   Section        0  libinit2.o(.ARM.Collect$$libinit$$00000017)
    .ARM.Collect$$libinit$$00000019          0x00000470   Section        0  libinit2.o(.ARM.Collect$$libinit$$00000019)
    .ARM.Collect$$libinit$$0000001B          0x00000470   Section        0  libinit2.o(.ARM.Collect$$libinit$$0000001B)
    .ARM.Collect$$libinit$$0000001D          0x00000470   Section        0  libinit2.o(.ARM.Collect$$libinit$$0000001D)
    .ARM.Collect$$libinit$$0000001F          0x00000470   Section        0  libinit2.o(.ARM.Collect$$libinit$$0000001F)
    .ARM.Collect$$libinit$$00000021          0x00000470   Section        0  libinit2.o(.ARM.Collect$$libinit$$00000021)
    .ARM.Collect$$libinit$$00000023          0x00000470   Section        0  libinit2.o(.ARM.Collect$$libinit$$00000023)
    .ARM.Collect$$libinit$$00000025          0x00000470   Section        0  libinit2.o(.ARM.Collect$$libinit$$00000025)
    .ARM.Collect$$libinit$$0000002C          0x00000470   Section        0  libinit2.o(.ARM.Collect$$libinit$$0000002C)
    .ARM.Collect$$libinit$$0000002E          0x00000470   Section        0  libinit2.o(.ARM.Collect$$libinit$$0000002E)
    .ARM.Collect$$libinit$$00000030          0x00000470   Section        0  libinit2.o(.ARM.Collect$$libinit$$00000030)
    .ARM.Collect$$libinit$$00000032          0x00000470   Section        0  libinit2.o(.ARM.Collect$$libinit$$00000032)
    .ARM.Collect$$libinit$$00000033          0x00000470   Section        2  libinit2.o(.ARM.Collect$$libinit$$00000033)
    .ARM.Collect$$libshutdown$$00000000      0x00000472   Section        2  libshutdown.o(.ARM.Collect$$libshutdown$$00000000)
    .ARM.Collect$$libshutdown$$00000002      0x00000474   Section        0  libshutdown2.o(.ARM.Collect$$libshutdown$$00000002)
    .ARM.Collect$$libshutdown$$00000004      0x00000474   Section        0  libshutdown2.o(.ARM.Collect$$libshutdown$$00000004)
    .ARM.Collect$$libshutdown$$00000006      0x00000474   Section        0  libshutdown2.o(.ARM.Collect$$libshutdown$$00000006)
    .ARM.Collect$$libshutdown$$00000009      0x00000474   Section        0  libshutdown2.o(.ARM.Collect$$libshutdown$$00000009)
    .ARM.Collect$$libshutdown$$0000000C      0x00000474   Section        0  libshutdown2.o(.ARM.Collect$$libshutdown$$0000000C)
    .ARM.Collect$$libshutdown$$0000000E      0x00000474   Section        0  libshutdown2.o(.ARM.Collect$$libshutdown$$0000000E)
    .ARM.Collect$$libshutdown$$00000011      0x00000474   Section        0  libshutdown2.o(.ARM.Collect$$libshutdown$$00000011)
    .ARM.Collect$$libshutdown$$00000012      0x00000474   Section        2  libshutdown2.o(.ARM.Collect$$libshutdown$$00000012)
    .ARM.Collect$$rtentry$$00000000          0x00000476   Section        0  __rtentry.o(.ARM.Collect$$rtentry$$00000000)
    .ARM.Collect$$rtentry$$00000002          0x00000476   Section        0  __rtentry2.o(.ARM.Collect$$rtentry$$00000002)
    .ARM.Collect$$rtentry$$00000007          0x00000476   Section        4  __rtentry7.o(.ARM.Collect$$rtentry$$00000007)
    .ARM.Collect$$rtentry$$00000009          0x0000047a   Section        0  __rtentry2.o(.ARM.Collect$$rtentry$$00000009)
    .ARM.Collect$$rtentry$$0000000A          0x0000047a   Section        4  __rtentry2.o(.ARM.Collect$$rtentry$$0000000A)
    .ARM.Collect$$rtentry$$0000000C          0x0000047e   Section        0  __rtentry2.o(.ARM.Collect$$rtentry$$0000000C)
    .ARM.Collect$$rtentry$$0000000D          0x0000047e   Section        8  __rtentry2.o(.ARM.Collect$$rtentry$$0000000D)
    .ARM.Collect$$rtentry$$00002718          0x00000488   Section        4  __rtentry7.o(.ARM.Collect$$rtentry$$00002718)
    __lit__00000000                          0x00000488   Data           4  __rtentry7.o(.ARM.Collect$$rtentry$$00002718)
    .ARM.Collect$$rtexit$$00000000           0x0000048c   Section        2  rtexit.o(.ARM.Collect$$rtexit$$00000000)
    .ARM.Collect$$rtexit$$00000002           0x0000048e   Section        0  rtexit2.o(.ARM.Collect$$rtexit$$00000002)
    .ARM.Collect$$rtexit$$00000003           0x0000048e   Section        4  rtexit2.o(.ARM.Collect$$rtexit$$00000003)
    .ARM.Collect$$rtexit$$00000004           0x00000492   Section        6  rtexit2.o(.ARM.Collect$$rtexit$$00000004)
    .text                                    0x00000498   Section      156  startup_mkl46z4.o(.text)
    .text                                    0x00000534   Section      346  aeabi_sdiv.o(.text)
    .text                                    0x00000690   Section        0  daddsub.o(.text)
    _dadd1                                   0x00000691   Thumb Code   290  daddsub.o(.text)
    _dsub1                                   0x000007b3   Thumb Code   470  daddsub.o(.text)
    .text                                    0x000009e8   Section        0  ddiv.o(.text)
    .text                                    0x00000e30   Section        0  dfixui.o(.text)
    .text                                    0x00000e78   Section        0  f2d.o(.text)
    .text                                    0x00000ecc   Section        0  fflti.o(.text)
    .text                                    0x00000f2c   Section        0  dcmpin.o(.text)
    .text                                    0x00000fbc   Section        0  fcmpin.o(.text)
    .text                                    0x00001020   Section        0  cmpret.o(.text)
    .text                                    0x00001050   Section        0  dnan2.o(.text)
    .text                                    0x00001064   Section        0  fnan2.o(.text)
    .text                                    0x00001074   Section        0  exit.o(.text)
    .text                                    0x00001084   Section        0  retnan.o(.text)
    .text                                    0x000010e4   Section        0  sys_exit.o(.text)
    .text                                    0x000010f0   Section        2  use_no_semi.o(.text)
    .text                                    0x000010f2   Section        0  indicate_semi.o(.text)
    i.PIT_IRQHandler                         0x000010f4   Section        0  main.o(i.PIT_IRQHandler)
    i.PORTC_PORTD_IRQHandler                 0x00001160   Section        0  main.o(i.PORTC_PORTD_IRQHandler)
    i.SysTick_Handler                        0x000013b4   Section        0  systick.o(i.SysTick_Handler)
    i.SystemCoreClockUpdate                  0x000013c4   Section        0  system_mkl46z4.o(i.SystemCoreClockUpdate)
    i.SystemInit                             0x00001554   Section        0  system_mkl46z4.o(i.SystemInit)
    i.SystemInitHook                         0x00001568   Section        0  system_mkl46z4.o(i.SystemInitHook)
    i.__ARM_common_switch8                   0x0000156a   Section        0  system_mkl46z4.o(i.__ARM_common_switch8)
    i.__NVIC_SetPriority                     0x00001588   Section        0  switch.o(i.__NVIC_SetPriority)
    __NVIC_SetPriority                       0x00001589   Thumb Code   110  switch.o(i.__NVIC_SetPriority)
    i.__NVIC_SetPriority                     0x00001600   Section        0  systick.o(i.__NVIC_SetPriority)
    __NVIC_SetPriority                       0x00001601   Thumb Code   110  systick.o(i.__NVIC_SetPriority)
    i.__NVIC_SetPriority                     0x00001678   Section        0  accel.o(i.__NVIC_SetPriority)
    __NVIC_SetPriority                       0x00001679   Thumb Code   110  accel.o(i.__NVIC_SetPriority)
    i.__NVIC_SetPriority                     0x000016f0   Section        0  timer.o(i.__NVIC_SetPriority)
    __NVIC_SetPriority                       0x000016f1   Thumb Code   110  timer.o(i.__NVIC_SetPriority)
    i.accel_config                           0x00001768   Section        0  accel.o(i.accel_config)
    i.accel_init                             0x000017c0   Section        0  accel.o(i.accel_init)
    i.convert_to_g                           0x000018d8   Section        0  main.o(i.convert_to_g)
    i.i2c_init                               0x000018f0   Section        0  i2c.o(i.i2c_init)
    i.i2c_read_single_byte                   0x00001964   Section        0  i2c.o(i.i2c_read_single_byte)
    i.i2c_write_single_byte                  0x00001a44   Section        0  i2c.o(i.i2c_write_single_byte)
    i.lcd_clear                              0x00001ad4   Section        0  lcd.o(i.lcd_clear)
    i.lcd_display_digit                      0x00001ae8   Section        0  lcd.o(i.lcd_display_digit)
    i.lcd_init                               0x00001b70   Section        0  lcd.o(i.lcd_init)
    i.lcd_set_backplane_phase                0x00001bc4   Section        0  lcd.o(i.lcd_set_backplane_phase)
    i.lcd_set_frontplane_segments            0x00001bd0   Section        0  lcd.o(i.lcd_set_frontplane_segments)
    i.led_init                               0x00001bdc   Section        0  led.o(i.led_init)
    i.led_off                                0x00001c60   Section        0  led.o(i.led_off)
    i.led_on                                 0x00001c8c   Section        0  led.o(i.led_on)
    i.led_toggle                             0x00001cb8   Section        0  led.o(i.led_toggle)
    i.main                                   0x00001ce4   Section        0  main.o(i.main)
    i.mcg_clock_config                       0x00001d78   Section        0  clock.o(i.mcg_clock_config)
    i.pit_timer_init                         0x00001e00   Section        0  timer.o(i.pit_timer_init)
    i.switch_init                            0x00001efc   Section        0  switch.o(i.switch_init)
    i.systick_init                           0x00001fd0   Section        0  systick.o(i.systick_init)
    i.uart_init                              0x00002030   Section        0  uart.o(i.uart_init)
    i.uart_send_msg                          0x000020b8   Section        0  uart.o(i.uart_send_msg)
    i.uart_tx                                0x000020d0   Section        0  uart.o(i.uart_tx)
    x$fpl$drleqf                             0x000020e8   Section      104  drlef.o(x$fpl$drleqf)
    x$fpl$fadd                               0x00002150   Section      140  faddsub.o(x$fpl$fadd)
    _fadd1                                   0x0000215d   Thumb Code     0  faddsub.o(x$fpl$fadd)
    x$fpl$fmul                               0x000021dc   Section      176  fmul.o(x$fpl$fmul)
    x$fpl$frleqf                             0x0000228c   Section       88  frlef.o(x$fpl$frleqf)
    x$fpl$fsub                               0x000022e4   Section      208  faddsub.o(x$fpl$fsub)
    _fsub1                                   0x000022f1   Thumb Code     0  faddsub.o(x$fpl$fsub)
    .constdata                               0x000023b4   Section      128  ddiv.o(.constdata)
    x$fpl$usenofp                            0x000023b4   Section        0  usenofp.o(x$fpl$usenofp)
    ddiv_reciptbl                            0x000023b4   Data         128  ddiv.o(.constdata)
    .data                                    0x1fffe000   Section       24  main.o(.data)
    .data                                    0x1fffe018   Section        4  systick.o(.data)
    .data                                    0x1fffe01c   Section        4  system_mkl46z4.o(.data)

    Global Symbols

    Symbol Name                              Value     Ov Type        Size  Object(Section)

    BuildAttributes$$THM_ISAv3M$S$PE$A:L22$X:L11$S22$IEEE1$IW$USESV6$~STKCKD$USESV7$~SHL$OSPACE$ROPI$EBA8$UX$STANDARDLIB$REQ8$PRES8$EABIv2 0x00000000   Number         0  anon$$obj.o ABSOLUTE
    __ARM_use_no_argv                        0x00000000   Number         0  main.o ABSOLUTE
    __Vectors                                0x00000000   Data           4  startup_mkl46z4.o(RESET)
    Image$$ZI$$Limit                          - Undefined Weak Reference
    __ARM_exceptions_init                     - Undefined Weak Reference
    __alloca_initialize                       - Undefined Weak Reference
    __arm_fini_                               - Undefined Weak Reference
    __arm_preinit_                            - Undefined Weak Reference
    __cpp_initialize__aeabi_                  - Undefined Weak Reference
    __cxa_finalize                            - Undefined Weak Reference
    __rt_locale                               - Undefined Weak Reference
    __sigvec_lookup                           - Undefined Weak Reference
    _atexit_init                              - Undefined Weak Reference
    _call_atexit_fns                          - Undefined Weak Reference
    _clock_init                               - Undefined Weak Reference
    _fp_trap_init                             - Undefined Weak Reference
    _fp_trap_shutdown                         - Undefined Weak Reference
    _get_lc_collate                           - Undefined Weak Reference
    _get_lc_ctype                             - Undefined Weak Reference
    _get_lc_monetary                          - Undefined Weak Reference
    _get_lc_numeric                           - Undefined Weak Reference
    _get_lc_time                              - Undefined Weak Reference
    _getenv_init                              - Undefined Weak Reference
    _handle_redirection                       - Undefined Weak Reference
    _init_alloc                               - Undefined Weak Reference
    _init_user_alloc                          - Undefined Weak Reference
    _initio                                   - Undefined Weak Reference
    _rand_init                                - Undefined Weak Reference
    _signal_finish                            - Undefined Weak Reference
    _signal_init                              - Undefined Weak Reference
    _terminate_alloc                          - Undefined Weak Reference
    _terminate_user_alloc                     - Undefined Weak Reference
    _terminateio                              - Undefined Weak Reference
    __Vectors_End                            0x000000c0   Data           0  startup_mkl46z4.o(RESET)
    __Vectors_Size                           0x000000c0   Number         0  startup_mkl46z4.o ABSOLUTE
    __main                                   0x00000411   Thumb Code     8  __main.o(!!!main)
    __scatterload                            0x00000419   Thumb Code     0  __scatter.o(!!!scatter)
    __scatterload_rt2                        0x00000419   Thumb Code    52  __scatter.o(!!!scatter)
    __scatterload_rt2_thumb_only             0x00000419   Thumb Code     0  __scatter.o(!!!scatter)
    __scatterload_null                       0x00000429   Thumb Code     0  __scatter.o(!!!scatter)
    __scatterload_copy                       0x00000455   Thumb Code    26  __scatter_copy.o(!!handler_copy)
    __rt_lib_init                            0x0000046f   Thumb Code     0  libinit.o(.ARM.Collect$$libinit$$00000000)
    __rt_lib_init_alloca_1                   0x00000471   Thumb Code     0  libinit2.o(.ARM.Collect$$libinit$$0000002E)
    __rt_lib_init_argv_1                     0x00000471   Thumb Code     0  libinit2.o(.ARM.Collect$$libinit$$0000002C)
    __rt_lib_init_atexit_1                   0x00000471   Thumb Code     0  libinit2.o(.ARM.Collect$$libinit$$0000001B)
    __rt_lib_init_clock_1                    0x00000471   Thumb Code     0  libinit2.o(.ARM.Collect$$libinit$$00000021)
    __rt_lib_init_cpp_1                      0x00000471   Thumb Code     0  libinit2.o(.ARM.Collect$$libinit$$00000032)
    __rt_lib_init_exceptions_1               0x00000471   Thumb Code     0  libinit2.o(.ARM.Collect$$libinit$$00000030)
    __rt_lib_init_fp_1                       0x00000471   Thumb Code     0  libinit2.o(.ARM.Collect$$libinit$$00000002)
    __rt_lib_init_fp_trap_1                  0x00000471   Thumb Code     0  libinit2.o(.ARM.Collect$$libinit$$0000001F)
    __rt_lib_init_getenv_1                   0x00000471   Thumb Code     0  libinit2.o(.ARM.Collect$$libinit$$00000023)
    __rt_lib_init_heap_1                     0x00000471   Thumb Code     0  libinit2.o(.ARM.Collect$$libinit$$0000000A)
    __rt_lib_init_lc_collate_1               0x00000471   Thumb Code     0  libinit2.o(.ARM.Collect$$libinit$$00000011)
    __rt_lib_init_lc_ctype_1                 0x00000471   Thumb Code     0  libinit2.o(.ARM.Collect$$libinit$$00000013)
    __rt_lib_init_lc_monetary_1              0x00000471   Thumb Code     0  libinit2.o(.ARM.Collect$$libinit$$00000015)
    __rt_lib_init_lc_numeric_1               0x00000471   Thumb Code     0  libinit2.o(.ARM.Collect$$libinit$$00000017)
    __rt_lib_init_lc_time_1                  0x00000471   Thumb Code     0  libinit2.o(.ARM.Collect$$libinit$$00000019)
    __rt_lib_init_preinit_1                  0x00000471   Thumb Code     0  libinit2.o(.ARM.Collect$$libinit$$00000004)
    __rt_lib_init_rand_1                     0x00000471   Thumb Code     0  libinit2.o(.ARM.Collect$$libinit$$0000000E)
    __rt_lib_init_return                     0x00000471   Thumb Code     0  libinit2.o(.ARM.Collect$$libinit$$00000033)
    __rt_lib_init_signal_1                   0x00000471   Thumb Code     0  libinit2.o(.ARM.Collect$$libinit$$0000001D)
    __rt_lib_init_stdio_1                    0x00000471   Thumb Code     0  libinit2.o(.ARM.Collect$$libinit$$00000025)
    __rt_lib_init_user_alloc_1               0x00000471   Thumb Code     0  libinit2.o(.ARM.Collect$$libinit$$0000000C)
    __rt_lib_shutdown                        0x00000473   Thumb Code     0  libshutdown.o(.ARM.Collect$$libshutdown$$00000000)
    __rt_lib_shutdown_cpp_1                  0x00000475   Thumb Code     0  libshutdown2.o(.ARM.Collect$$libshutdown$$00000004)
    __rt_lib_shutdown_fini_1                 0x00000475   Thumb Code     0  libshutdown2.o(.ARM.Collect$$libshutdown$$00000002)
    __rt_lib_shutdown_fp_trap_1              0x00000475   Thumb Code     0  libshutdown2.o(.ARM.Collect$$libshutdown$$00000009)
    __rt_lib_shutdown_heap_1                 0x00000475   Thumb Code     0  libshutdown2.o(.ARM.Collect$$libshutdown$$00000011)
    __rt_lib_shutdown_return                 0x00000475   Thumb Code     0  libshutdown2.o(.ARM.Collect$$libshutdown$$00000012)
    __rt_lib_shutdown_signal_1               0x00000475   Thumb Code     0  libshutdown2.o(.ARM.Collect$$libshutdown$$0000000C)
    __rt_lib_shutdown_stdio_1                0x00000475   Thumb Code     0  libshutdown2.o(.ARM.Collect$$libshutdown$$00000006)
    __rt_lib_shutdown_user_alloc_1           0x00000475   Thumb Code     0  libshutdown2.o(.ARM.Collect$$libshutdown$$0000000E)
    __rt_entry                               0x00000477   Thumb Code     0  __rtentry.o(.ARM.Collect$$rtentry$$00000000)
    __rt_entry_presh_1                       0x00000477   Thumb Code     0  __rtentry2.o(.ARM.Collect$$rtentry$$00000002)
    __rt_entry_sh                            0x00000477   Thumb Code     0  __rtentry7.o(.ARM.Collect$$rtentry$$00000007)
    __rt_entry_li                            0x0000047b   Thumb Code     0  __rtentry2.o(.ARM.Collect$$rtentry$$0000000A)
    __rt_entry_postsh_1                      0x0000047b   Thumb Code     0  __rtentry2.o(.ARM.Collect$$rtentry$$00000009)
    __rt_entry_main                          0x0000047f   Thumb Code     0  __rtentry2.o(.ARM.Collect$$rtentry$$0000000D)
    __rt_entry_postli_1                      0x0000047f   Thumb Code     0  __rtentry2.o(.ARM.Collect$$rtentry$$0000000C)
    __rt_exit                                0x0000048d   Thumb Code     0  rtexit.o(.ARM.Collect$$rtexit$$00000000)
    __rt_exit_ls                             0x0000048f   Thumb Code     0  rtexit2.o(.ARM.Collect$$rtexit$$00000003)
    __rt_exit_prels_1                        0x0000048f   Thumb Code     0  rtexit2.o(.ARM.Collect$$rtexit$$00000002)
    __rt_exit_exit                           0x00000493   Thumb Code     0  rtexit2.o(.ARM.Collect$$rtexit$$00000004)
    Reset_Handler                            0x00000499   Thumb Code    24  startup_mkl46z4.o(.text)
    NMI_Handler                              0x000004b1   Thumb Code     2  startup_mkl46z4.o(.text)
    HardFault_Handler                        0x000004b3   Thumb Code     2  startup_mkl46z4.o(.text)
    SVC_Handler                              0x000004b5   Thumb Code     2  startup_mkl46z4.o(.text)
    PendSV_Handler                           0x000004b7   Thumb Code     2  startup_mkl46z4.o(.text)
    DMA0_IRQHandler                          0x000004bb   Thumb Code     4  startup_mkl46z4.o(.text)
    DMA1_IRQHandler                          0x000004bf   Thumb Code     4  startup_mkl46z4.o(.text)
    DMA2_IRQHandler                          0x000004c3   Thumb Code     4  startup_mkl46z4.o(.text)
    DMA3_IRQHandler                          0x000004c7   Thumb Code     4  startup_mkl46z4.o(.text)
    I2C0_IRQHandler                          0x000004cb   Thumb Code     4  startup_mkl46z4.o(.text)
    I2C1_IRQHandler                          0x000004cf   Thumb Code     4  startup_mkl46z4.o(.text)
    SPI0_IRQHandler                          0x000004d3   Thumb Code     4  startup_mkl46z4.o(.text)
    SPI1_IRQHandler                          0x000004d7   Thumb Code     4  startup_mkl46z4.o(.text)
    UART0_IRQHandler                         0x000004db   Thumb Code     4  startup_mkl46z4.o(.text)
    UART1_IRQHandler                         0x000004df   Thumb Code     4  startup_mkl46z4.o(.text)
    UART2_IRQHandler                         0x000004e3   Thumb Code     4  startup_mkl46z4.o(.text)
    I2S0_IRQHandler                          0x000004e7   Thumb Code     4  startup_mkl46z4.o(.text)
    ADC0_IRQHandler                          0x000004eb   Thumb Code     0  startup_mkl46z4.o(.text)
    CMP0_IRQHandler                          0x000004eb   Thumb Code     0  startup_mkl46z4.o(.text)
    DAC0_IRQHandler                          0x000004eb   Thumb Code     0  startup_mkl46z4.o(.text)
    DMA0_DriverIRQHandler                    0x000004eb   Thumb Code     0  startup_mkl46z4.o(.text)
    DMA1_DriverIRQHandler                    0x000004eb   Thumb Code     0  startup_mkl46z4.o(.text)
    DMA2_DriverIRQHandler                    0x000004eb   Thumb Code     0  startup_mkl46z4.o(.text)
    DMA3_DriverIRQHandler                    0x000004eb   Thumb Code     0  startup_mkl46z4.o(.text)
    DefaultISR                               0x000004eb   Thumb Code     0  startup_mkl46z4.o(.text)
    FTFA_IRQHandler                          0x000004eb   Thumb Code     0  startup_mkl46z4.o(.text)
    I2C0_DriverIRQHandler                    0x000004eb   Thumb Code     0  startup_mkl46z4.o(.text)
    I2C1_DriverIRQHandler                    0x000004eb   Thumb Code     0  startup_mkl46z4.o(.text)
    I2S0_DriverIRQHandler                    0x000004eb   Thumb Code     0  startup_mkl46z4.o(.text)
    LCD_IRQHandler                           0x000004eb   Thumb Code     0  startup_mkl46z4.o(.text)
    LLWU_IRQHandler                          0x000004eb   Thumb Code     0  startup_mkl46z4.o(.text)
    LPTMR0_IRQHandler                        0x000004eb   Thumb Code     0  startup_mkl46z4.o(.text)
    LVD_LVW_IRQHandler                       0x000004eb   Thumb Code     0  startup_mkl46z4.o(.text)
    MCG_IRQHandler                           0x000004eb   Thumb Code     0  startup_mkl46z4.o(.text)
    PORTA_IRQHandler                         0x000004eb   Thumb Code     0  startup_mkl46z4.o(.text)
    RTC_IRQHandler                           0x000004eb   Thumb Code     0  startup_mkl46z4.o(.text)
    RTC_Seconds_IRQHandler                   0x000004eb   Thumb Code     0  startup_mkl46z4.o(.text)
    Reserved20_IRQHandler                    0x000004eb   Thumb Code     0  startup_mkl46z4.o(.text)
    SPI0_DriverIRQHandler                    0x000004eb   Thumb Code     0  startup_mkl46z4.o(.text)
    SPI1_DriverIRQHandler                    0x000004eb   Thumb Code     0  startup_mkl46z4.o(.text)
    TPM0_IRQHandler                          0x000004eb   Thumb Code     0  startup_mkl46z4.o(.text)
    TPM1_IRQHandler                          0x000004eb   Thumb Code     0  startup_mkl46z4.o(.text)
    TPM2_IRQHandler                          0x000004eb   Thumb Code     0  startup_mkl46z4.o(.text)
    TSI0_IRQHandler                          0x000004eb   Thumb Code     0  startup_mkl46z4.o(.text)
    UART0_DriverIRQHandler                   0x000004eb   Thumb Code     0  startup_mkl46z4.o(.text)
    UART1_DriverIRQHandler                   0x000004eb   Thumb Code     0  startup_mkl46z4.o(.text)
    UART2_DriverIRQHandler                   0x000004eb   Thumb Code     0  startup_mkl46z4.o(.text)
    USB0_IRQHandler                          0x000004eb   Thumb Code     0  startup_mkl46z4.o(.text)
    __aeabi_uidiv                            0x00000535   Thumb Code     0  aeabi_sdiv.o(.text)
    __aeabi_uidivmod                         0x00000535   Thumb Code    20  aeabi_sdiv.o(.text)
    __aeabi_idiv                             0x00000549   Thumb Code     0  aeabi_sdiv.o(.text)
    __aeabi_idivmod                          0x00000549   Thumb Code   326  aeabi_sdiv.o(.text)
    __aeabi_dadd                             0x00000989   Thumb Code     0  daddsub.o(.text)
    _dadd                                    0x00000989   Thumb Code    26  daddsub.o(.text)
    __aeabi_dsub                             0x000009a3   Thumb Code     0  daddsub.o(.text)
    _dsub                                    0x000009a3   Thumb Code    22  daddsub.o(.text)
    __aeabi_drsub                            0x000009b9   Thumb Code     0  daddsub.o(.text)
    _drsb                                    0x000009b9   Thumb Code    28  daddsub.o(.text)
    __aeabi_ddiv                             0x000009e9   Thumb Code     0  ddiv.o(.text)
    _ddiv                                    0x000009e9   Thumb Code  1072  ddiv.o(.text)
    _drdiv                                   0x00000e19   Thumb Code    20  ddiv.o(.text)
    __aeabi_d2uiz                            0x00000e31   Thumb Code     0  dfixui.o(.text)
    _dfixu                                   0x00000e31   Thumb Code    68  dfixui.o(.text)
    __aeabi_f2d                              0x00000e79   Thumb Code     0  f2d.o(.text)
    _f2d                                     0x00000e79   Thumb Code    80  f2d.o(.text)
    __aeabi_i2f_normalise                    0x00000ecd   Thumb Code    72  fflti.o(.text)
    __aeabi_i2f                              0x00000f15   Thumb Code    16  fflti.o(.text)
    _fflt                                    0x00000f15   Thumb Code     0  fflti.o(.text)
    __aeabi_ui2f                             0x00000f25   Thumb Code     6  fflti.o(.text)
    _ffltu                                   0x00000f25   Thumb Code     0  fflti.o(.text)
    __fpl_dcmp_InfNaN                        0x00000f2d   Thumb Code   140  dcmpin.o(.text)
    __fpl_fcmp_InfNaN                        0x00000fbd   Thumb Code    96  fcmpin.o(.text)
    __fpl_cmpreturn                          0x00001021   Thumb Code    46  cmpret.o(.text)
    __fpl_dcheck_NaN2                        0x00001051   Thumb Code    14  dnan2.o(.text)
    __fpl_fcheck_NaN2                        0x00001065   Thumb Code    10  fnan2.o(.text)
    exit                                     0x00001075   Thumb Code    16  exit.o(.text)
    __fpl_return_NaN                         0x00001085   Thumb Code    94  retnan.o(.text)
    _sys_exit                                0x000010e5   Thumb Code     8  sys_exit.o(.text)
    __I$use$semihosting                      0x000010f1   Thumb Code     0  use_no_semi.o(.text)
    __use_no_semihosting_swi                 0x000010f1   Thumb Code     2  use_no_semi.o(.text)
    __semihosting_library_function           0x000010f3   Thumb Code     0  indicate_semi.o(.text)
    PIT_IRQHandler                           0x000010f5   Thumb Code    92  main.o(i.PIT_IRQHandler)
    PORTC_PORTD_IRQHandler                   0x00001161   Thumb Code   554  main.o(i.PORTC_PORTD_IRQHandler)
    SysTick_Handler                          0x000013b5   Thumb Code    12  systick.o(i.SysTick_Handler)
    SystemCoreClockUpdate                    0x000013c5   Thumb Code   372  system_mkl46z4.o(i.SystemCoreClockUpdate)
    SystemInit                               0x00001555   Thumb Code    14  system_mkl46z4.o(i.SystemInit)
    SystemInitHook                           0x00001569   Thumb Code     2  system_mkl46z4.o(i.SystemInitHook)
    __ARM_common_switch8                     0x0000156b   Thumb Code    28  system_mkl46z4.o(i.__ARM_common_switch8)
    accel_config                             0x00001769   Thumb Code    86  accel.o(i.accel_config)
    accel_init                               0x000017c1   Thumb Code   246  accel.o(i.accel_init)
    convert_to_g                             0x000018d9   Thumb Code    22  main.o(i.convert_to_g)
    i2c_init                                 0x000018f1   Thumb Code   104  i2c.o(i.i2c_init)
    i2c_read_single_byte                     0x00001965   Thumb Code   218  i2c.o(i.i2c_read_single_byte)
    i2c_write_single_byte                    0x00001a45   Thumb Code   140  i2c.o(i.i2c_write_single_byte)
    lcd_clear                                0x00001ad5   Thumb Code    14  lcd.o(i.lcd_clear)
    lcd_display_digit                        0x00001ae9   Thumb Code   132  lcd.o(i.lcd_display_digit)
    lcd_init                                 0x00001b71   Thumb Code    60  lcd.o(i.lcd_init)
    lcd_set_backplane_phase                  0x00001bc5   Thumb Code     6  lcd.o(i.lcd_set_backplane_phase)
    lcd_set_frontplane_segments              0x00001bd1   Thumb Code     6  lcd.o(i.lcd_set_frontplane_segments)
    led_init                                 0x00001bdd   Thumb Code   116  led.o(i.led_init)
    led_off                                  0x00001c61   Thumb Code    40  led.o(i.led_off)
    led_on                                   0x00001c8d   Thumb Code    40  led.o(i.led_on)
    led_toggle                               0x00001cb9   Thumb Code    40  led.o(i.led_toggle)
    main                                     0x00001ce5   Thumb Code   134  main.o(i.main)
    mcg_clock_config                         0x00001d79   Thumb Code   118  clock.o(i.mcg_clock_config)
    pit_timer_init                           0x00001e01   Thumb Code   220  timer.o(i.pit_timer_init)
    switch_init                              0x00001efd   Thumb Code   192  switch.o(i.switch_init)
    systick_init                             0x00001fd1   Thumb Code    80  systick.o(i.systick_init)
    uart_init                                0x00002031   Thumb Code   116  uart.o(i.uart_init)
    uart_send_msg                            0x000020b9   Thumb Code    24  uart.o(i.uart_send_msg)
    uart_tx                                  0x000020d1   Thumb Code    20  uart.o(i.uart_tx)
    __aeabi_cdrcmple                         0x000020e9   Thumb Code     0  drlef.o(x$fpl$drleqf)
    _drcmple                                 0x000020e9   Thumb Code   100  drlef.o(x$fpl$drleqf)
    __aeabi_fadd                             0x00002151   Thumb Code     0  faddsub.o(x$fpl$fadd)
    _fadd                                    0x00002151   Thumb Code   134  faddsub.o(x$fpl$fadd)
    __aeabi_fmul                             0x000021dd   Thumb Code     0  fmul.o(x$fpl$fmul)
    _fmul                                    0x000021dd   Thumb Code   172  fmul.o(x$fpl$fmul)
    __aeabi_cfrcmple                         0x0000228d   Thumb Code     0  frlef.o(x$fpl$frleqf)
    _frcmple                                 0x0000228d   Thumb Code    84  frlef.o(x$fpl$frleqf)
    __aeabi_fsub                             0x000022e5   Thumb Code     0  faddsub.o(x$fpl$fsub)
    _fsub                                    0x000022e5   Thumb Code   204  faddsub.o(x$fpl$fsub)
    __I$use$fp                               0x000023b4   Number         0  usenofp.o(x$fpl$usenofp)
    Region$$Table$$Base                      0x00002434   Number         0  anon$$obj.o(Region$$Table)
    Region$$Table$$Limit                     0x00002444   Number         0  anon$$obj.o(Region$$Table)
    count                                    0x1fffe000   Data           4  main.o(.data)
    main_status                              0x1fffe004   Data           1  main.o(.data)
    state                                    0x1fffe005   Data           1  main.o(.data)
    prev_time                                0x1fffe008   Data           4  main.o(.data)
    initX_f                                  0x1fffe00c   Data           4  main.o(.data)
    initY_f                                  0x1fffe010   Data           4  main.o(.data)
    initZ_f                                  0x1fffe014   Data           4  main.o(.data)
    msTicks                                  0x1fffe018   Data           4  systick.o(.data)
    SystemCoreClock                          0x1fffe01c   Data           4  system_mkl46z4.o(.data)
    Image$$ARM_LIB_HEAP$$ZI$$Base            0x1fffe020   Number         0  anon$$obj.o ABSOLUTE
    Image$$ARM_LIB_HEAP$$ZI$$Limit           0x1fffe420   Number         0  anon$$obj.o ABSOLUTE
    Image$$ARM_LIB_STACK$$ZI$$Limit          0x20006000   Number         0  anon$$obj.o ABSOLUTE



==============================================================================

Memory Map of the image

  Image Entry point : 0x00000499

  Load Region LR_m_text (Base: 0x00000000, Size: 0x00002464, Max: 0x00040000, ABSOLUTE)

    Execution Region VECTOR_ROM (Exec base: 0x00000000, Load base: 0x00000000, Size: 0x000000c0, Max: 0x00000200, ABSOLUTE)

    Exec Addr    Load Addr    Size         Type   Attr      Idx    E Section Name        Object

    0x00000000   0x00000000   0x000000c0   Data   RO          416    RESET               startup_mkl46z4.o


    Execution Region ER_m_flash_config (Exec base: 0x00000400, Load base: 0x00000400, Size: 0x00000010, Max: 0x00000010, ABSOLUTE, FIXED)

    Exec Addr    Load Addr    Size         Type   Attr      Idx    E Section Name        Object

    0x00000400   0x00000400   0x00000010   Data   RO          417    FlashConfig         startup_mkl46z4.o


    Execution Region ER_m_text (Exec base: 0x00000410, Load base: 0x00000410, Size: 0x00002034, Max: 0x0003fbf0, ABSOLUTE)

    Exec Addr    Load Addr    Size         Type   Attr      Idx    E Section Name        Object

    0x00000410   0x00000410   0x00000008   Code   RO          480  * !!!main             c_p.l(__main.o)
    0x00000418   0x00000418   0x0000003c   Code   RO          698    !!!scatter          c_p.l(__scatter.o)
    0x00000454   0x00000454   0x0000001a   Code   RO          700    !!handler_copy      c_p.l(__scatter_copy.o)
    0x0000046e   0x0000046e   0x00000002   Code   RO          557    .ARM.Collect$$libinit$$00000000  c_p.l(libinit.o)
    0x00000470   0x00000470   0x00000000   Code   RO          575    .ARM.Collect$$libinit$$00000002  c_p.l(libinit2.o)
    0x00000470   0x00000470   0x00000000   Code   RO          577    .ARM.Collect$$libinit$$00000004  c_p.l(libinit2.o)
    0x00000470   0x00000470   0x00000000   Code   RO          580    .ARM.Collect$$libinit$$0000000A  c_p.l(libinit2.o)
    0x00000470   0x00000470   0x00000000   Code   RO          582    .ARM.Collect$$libinit$$0000000C  c_p.l(libinit2.o)
    0x00000470   0x00000470   0x00000000   Code   RO          584    .ARM.Collect$$libinit$$0000000E  c_p.l(libinit2.o)
    0x00000470   0x00000470   0x00000000   Code   RO          587    .ARM.Collect$$libinit$$00000011  c_p.l(libinit2.o)
    0x00000470   0x00000470   0x00000000   Code   RO          589    .ARM.Collect$$libinit$$00000013  c_p.l(libinit2.o)
    0x00000470   0x00000470   0x00000000   Code   RO          591    .ARM.Collect$$libinit$$00000015  c_p.l(libinit2.o)
    0x00000470   0x00000470   0x00000000   Code   RO          593    .ARM.Collect$$libinit$$00000017  c_p.l(libinit2.o)
    0x00000470   0x00000470   0x00000000   Code   RO          595    .ARM.Collect$$libinit$$00000019  c_p.l(libinit2.o)
    0x00000470   0x00000470   0x00000000   Code   RO          597    .ARM.Collect$$libinit$$0000001B  c_p.l(libinit2.o)
    0x00000470   0x00000470   0x00000000   Code   RO          599    .ARM.Collect$$libinit$$0000001D  c_p.l(libinit2.o)
    0x00000470   0x00000470   0x00000000   Code   RO          601    .ARM.Collect$$libinit$$0000001F  c_p.l(libinit2.o)
    0x00000470   0x00000470   0x00000000   Code   RO          603    .ARM.Collect$$libinit$$00000021  c_p.l(libinit2.o)
    0x00000470   0x00000470   0x00000000   Code   RO          605    .ARM.Collect$$libinit$$00000023  c_p.l(libinit2.o)
    0x00000470   0x00000470   0x00000000   Code   RO          607    .ARM.Collect$$libinit$$00000025  c_p.l(libinit2.o)
    0x00000470   0x00000470   0x00000000   Code   RO          611    .ARM.Collect$$libinit$$0000002C  c_p.l(libinit2.o)
    0x00000470   0x00000470   0x00000000   Code   RO          613    .ARM.Collect$$libinit$$0000002E  c_p.l(libinit2.o)
    0x00000470   0x00000470   0x00000000   Code   RO          615    .ARM.Collect$$libinit$$00000030  c_p.l(libinit2.o)
    0x00000470   0x00000470   0x00000000   Code   RO          617    .ARM.Collect$$libinit$$00000032  c_p.l(libinit2.o)
    0x00000470   0x00000470   0x00000002   Code   RO          618    .ARM.Collect$$libinit$$00000033  c_p.l(libinit2.o)
    0x00000472   0x00000472   0x00000002   Code   RO          653    .ARM.Collect$$libshutdown$$00000000  c_p.l(libshutdown.o)
    0x00000474   0x00000474   0x00000000   Code   RO          679    .ARM.Collect$$libshutdown$$00000002  c_p.l(libshutdown2.o)
    0x00000474   0x00000474   0x00000000   Code   RO          681    .ARM.Collect$$libshutdown$$00000004  c_p.l(libshutdown2.o)
    0x00000474   0x00000474   0x00000000   Code   RO          683    .ARM.Collect$$libshutdown$$00000006  c_p.l(libshutdown2.o)
    0x00000474   0x00000474   0x00000000   Code   RO          686    .ARM.Collect$$libshutdown$$00000009  c_p.l(libshutdown2.o)
    0x00000474   0x00000474   0x00000000   Code   RO          689    .ARM.Collect$$libshutdown$$0000000C  c_p.l(libshutdown2.o)
    0x00000474   0x00000474   0x00000000   Code   RO          691    .ARM.Collect$$libshutdown$$0000000E  c_p.l(libshutdown2.o)
    0x00000474   0x00000474   0x00000000   Code   RO          694    .ARM.Collect$$libshutdown$$00000011  c_p.l(libshutdown2.o)
    0x00000474   0x00000474   0x00000002   Code   RO          695    .ARM.Collect$$libshutdown$$00000012  c_p.l(libshutdown2.o)
    0x00000476   0x00000476   0x00000000   Code   RO          505    .ARM.Collect$$rtentry$$00000000  c_p.l(__rtentry.o)
    0x00000476   0x00000476   0x00000000   Code   RO          516    .ARM.Collect$$rtentry$$00000002  c_p.l(__rtentry2.o)
    0x00000476   0x00000476   0x00000004   Code   RO          530    .ARM.Collect$$rtentry$$00000007  c_p.l(__rtentry7.o)
    0x0000047a   0x0000047a   0x00000000   Code   RO          518    .ARM.Collect$$rtentry$$00000009  c_p.l(__rtentry2.o)
    0x0000047a   0x0000047a   0x00000004   Code   RO          519    .ARM.Collect$$rtentry$$0000000A  c_p.l(__rtentry2.o)
    0x0000047e   0x0000047e   0x00000000   Code   RO          521    .ARM.Collect$$rtentry$$0000000C  c_p.l(__rtentry2.o)
    0x0000047e   0x0000047e   0x00000008   Code   RO          522    .ARM.Collect$$rtentry$$0000000D  c_p.l(__rtentry2.o)
    0x00000486   0x00000486   0x00000002   PAD
    0x00000488   0x00000488   0x00000004   Code   RO          531    .ARM.Collect$$rtentry$$00002718  c_p.l(__rtentry7.o)
    0x0000048c   0x0000048c   0x00000002   Code   RO          566    .ARM.Collect$$rtexit$$00000000  c_p.l(rtexit.o)
    0x0000048e   0x0000048e   0x00000000   Code   RO          629    .ARM.Collect$$rtexit$$00000002  c_p.l(rtexit2.o)
    0x0000048e   0x0000048e   0x00000004   Code   RO          630    .ARM.Collect$$rtexit$$00000003  c_p.l(rtexit2.o)
    0x00000492   0x00000492   0x00000006   Code   RO          631    .ARM.Collect$$rtexit$$00000004  c_p.l(rtexit2.o)
    0x00000498   0x00000498   0x0000009c   Code   RO          418  * .text               startup_mkl46z4.o
    0x00000534   0x00000534   0x0000015a   Code   RO          476    .text               c_p.l(aeabi_sdiv.o)
    0x0000068e   0x0000068e   0x00000002   PAD
    0x00000690   0x00000690   0x00000358   Code   RO          482    .text               fz_ps.l(daddsub.o)
    0x000009e8   0x000009e8   0x00000448   Code   RO          484    .text               fz_ps.l(ddiv.o)
    0x00000e30   0x00000e30   0x00000048   Code   RO          487    .text               fz_ps.l(dfixui.o)
    0x00000e78   0x00000e78   0x00000054   Code   RO          491    .text               fz_ps.l(f2d.o)
    0x00000ecc   0x00000ecc   0x0000005e   Code   RO          499    .text               fz_ps.l(fflti.o)
    0x00000f2a   0x00000f2a   0x00000002   PAD
    0x00000f2c   0x00000f2c   0x00000090   Code   RO          510    .text               fz_ps.l(dcmpin.o)
    0x00000fbc   0x00000fbc   0x00000064   Code   RO          512    .text               fz_ps.l(fcmpin.o)
    0x00001020   0x00001020   0x0000002e   Code   RO          537    .text               fz_ps.l(cmpret.o)
    0x0000104e   0x0000104e   0x00000002   PAD
    0x00001050   0x00001050   0x00000014   Code   RO          539    .text               fz_ps.l(dnan2.o)
    0x00001064   0x00001064   0x00000010   Code   RO          541    .text               fz_ps.l(fnan2.o)
    0x00001074   0x00001074   0x00000010   Code   RO          546    .text               c_p.l(exit.o)
    0x00001084   0x00001084   0x0000005e   Code   RO          558    .text               fz_ps.l(retnan.o)
    0x000010e2   0x000010e2   0x00000002   PAD
    0x000010e4   0x000010e4   0x0000000c   Code   RO          623    .text               c_p.l(sys_exit.o)
    0x000010f0   0x000010f0   0x00000002   Code   RO          625    .text               c_p.l(use_no_semi.o)
    0x000010f2   0x000010f2   0x00000000   Code   RO          627    .text               c_p.l(indicate_semi.o)
    0x000010f2   0x000010f2   0x00000002   PAD
    0x000010f4   0x000010f4   0x0000006c   Code   RO            5    i.PIT_IRQHandler    main.o
    0x00001160   0x00001160   0x00000254   Code   RO            6    i.PORTC_PORTD_IRQHandler  main.o
    0x000013b4   0x000013b4   0x00000010   Code   RO          169    i.SysTick_Handler   systick.o
    0x000013c4   0x000013c4   0x00000190   Code   RO          424    i.SystemCoreClockUpdate  system_mkl46z4.o
    0x00001554   0x00001554   0x00000014   Code   RO          425    i.SystemInit        system_mkl46z4.o
    0x00001568   0x00001568   0x00000002   Code   RO          426    i.SystemInitHook    system_mkl46z4.o
    0x0000156a   0x0000156a   0x0000001c   Code   RO          454    i.__ARM_common_switch8  system_mkl46z4.o
    0x00001586   0x00001586   0x00000002   PAD
    0x00001588   0x00001588   0x00000078   Code   RO          141    i.__NVIC_SetPriority  switch.o
    0x00001600   0x00001600   0x00000078   Code   RO          170    i.__NVIC_SetPriority  systick.o
    0x00001678   0x00001678   0x00000078   Code   RO          305    i.__NVIC_SetPriority  accel.o
    0x000016f0   0x000016f0   0x00000078   Code   RO          387    i.__NVIC_SetPriority  timer.o
    0x00001768   0x00001768   0x00000056   Code   RO          306    i.accel_config      accel.o
    0x000017be   0x000017be   0x00000002   PAD
    0x000017c0   0x000017c0   0x00000118   Code   RO          307    i.accel_init        accel.o
    0x000018d8   0x000018d8   0x00000016   Code   RO            7    i.convert_to_g      main.o
    0x000018ee   0x000018ee   0x00000002   PAD
    0x000018f0   0x000018f0   0x00000074   Code   RO          343    i.i2c_init          i2c.o
    0x00001964   0x00001964   0x000000e0   Code   RO          345    i.i2c_read_single_byte  i2c.o
    0x00001a44   0x00001a44   0x00000090   Code   RO          347    i.i2c_write_single_byte  i2c.o
    0x00001ad4   0x00001ad4   0x00000014   Code   RO          261    i.lcd_clear         lcd.o
    0x00001ae8   0x00001ae8   0x00000088   Code   RO          262    i.lcd_display_digit  lcd.o
    0x00001b70   0x00001b70   0x00000054   Code   RO          263    i.lcd_init          lcd.o
    0x00001bc4   0x00001bc4   0x0000000c   Code   RO          264    i.lcd_set_backplane_phase  lcd.o
    0x00001bd0   0x00001bd0   0x0000000c   Code   RO          265    i.lcd_set_frontplane_segments  lcd.o
    0x00001bdc   0x00001bdc   0x00000084   Code   RO          100    i.led_init          led.o
    0x00001c60   0x00001c60   0x0000002c   Code   RO          101    i.led_off           led.o
    0x00001c8c   0x00001c8c   0x0000002c   Code   RO          102    i.led_on            led.o
    0x00001cb8   0x00001cb8   0x0000002c   Code   RO          103    i.led_toggle        led.o
    0x00001ce4   0x00001ce4   0x00000094   Code   RO            8    i.main              main.o
    0x00001d78   0x00001d78   0x00000088   Code   RO          241    i.mcg_clock_config  clock.o
    0x00001e00   0x00001e00   0x000000fc   Code   RO          388    i.pit_timer_init    timer.o
    0x00001efc   0x00001efc   0x000000d4   Code   RO          142    i.switch_init       switch.o
    0x00001fd0   0x00001fd0   0x00000060   Code   RO          172    i.systick_init      systick.o
    0x00002030   0x00002030   0x00000088   Code   RO          209    i.uart_init         uart.o
    0x000020b8   0x000020b8   0x00000018   Code   RO          210    i.uart_send_msg     uart.o
    0x000020d0   0x000020d0   0x00000018   Code   RO          211    i.uart_tx           uart.o
    0x000020e8   0x000020e8   0x00000068   Code   RO          489    x$fpl$drleqf        fz_ps.l(drlef.o)
    0x00002150   0x00002150   0x0000008c   Code   RO          493    x$fpl$fadd          fz_ps.l(faddsub.o)
    0x000021dc   0x000021dc   0x000000b0   Code   RO          501    x$fpl$fmul          fz_ps.l(fmul.o)
    0x0000228c   0x0000228c   0x00000058   Code   RO          503    x$fpl$frleqf        fz_ps.l(frlef.o)
    0x000022e4   0x000022e4   0x000000d0   Code   RO          495    x$fpl$fsub          fz_ps.l(faddsub.o)
    0x000023b4   0x000023b4   0x00000000   Code   RO          514    x$fpl$usenofp       fz_ps.l(usenofp.o)
    0x000023b4   0x000023b4   0x00000080   Data   RO          485    .constdata          fz_ps.l(ddiv.o)
    0x00002434   0x00002434   0x00000010   Data   RO          696    Region$$Table       anon$$obj.o


    Execution Region RW_m_data (Exec base: 0x1fffe000, Load base: 0x00002444, Size: 0x00000020, Max: 0x00007800, ABSOLUTE)

    Exec Addr    Load Addr    Size         Type   Attr      Idx    E Section Name        Object

    0x1fffe000   0x00002444   0x00000018   Data   RW           10    .data               main.o
    0x1fffe018   0x0000245c   0x00000004   Data   RW          173    .data               systick.o
    0x1fffe01c   0x00002460   0x00000004   Data   RW          427    .data               system_mkl46z4.o


    Execution Region ARM_LIB_HEAP (Exec base: 0x1fffe020, Load base: 0x00002464, Size: 0x00000400, Max: 0x00000400, ABSOLUTE)

    Exec Addr    Load Addr    Size         Type   Attr      Idx    E Section Name        Object

    0x1fffe020        -       0x00000400   Zero   RW            1    ARM_LIB_HEAP.bss    anon$$obj.o


    Execution Region ARM_LIB_STACK (Exec base: 0x20005c00, Load base: 0x00002464, Size: 0x00000400, Max: 0x00000400, ABSOLUTE)

    Exec Addr    Load Addr    Size         Type   Attr      Idx    E Section Name        Object

    0x20005c00        -       0x00000400   Zero   RW            2    ARM_LIB_STACK.bss   anon$$obj.o


==============================================================================

Image component sizes


      Code (inc. data)   RO Data    RW Data    ZI Data      Debug   Object Name

       486         44          0          0          0       9016   accel.o
       136         18          0          0          0        471   clock.o
       484         22          0          0          0       1690   i2c.o
       264         46          0          0          0       2215   lcd.o
       264         28          0          0          0       1663   led.o
       874         72          0         24          0     283223   main.o
       156         70        208          0          0       1176   startup_mkl46z4.o
       332         30          0          0          0       8410   switch.o
       450         44          0          4          0       2044   system_mkl46z4.o
       232         30          0          4          0       2075   systick.o
       372         42          0          0          0     283489   timer.o
       184         24          0          0          0       1322   uart.o

    ----------------------------------------------------------------------
      4240        470        224         32       2048     596794   Object Totals
         0          0         16          0       2048          0   (incl. Generated)
         6          0          0          0          0          0   (incl. Padding)

    ----------------------------------------------------------------------

      Code (inc. data)   RO Data    RW Data    ZI Data      Debug   Library Member Name

         8          0          0          0          0         68   __main.o
         0          0          0          0          0          0   __rtentry.o
        12          0          0          0          0          0   __rtentry2.o
         8          4          0          0          0          0   __rtentry7.o
        60          8          0          0          0          0   __scatter.o
        26          0          0          0          0          0   __scatter_copy.o
       346          0          0          0          0         92   aeabi_sdiv.o
        16          0          0          0          0         68   exit.o
         0          0          0          0          0          0   indicate_semi.o
         2          0          0          0          0          0   libinit.o
         2          0          0          0          0          0   libinit2.o
         2          0          0          0          0          0   libshutdown.o
         2          0          0          0          0          0   libshutdown2.o
         2          0          0          0          0          0   rtexit.o
        10          0          0          0          0          0   rtexit2.o
        12          4          0          0          0         60   sys_exit.o
         2          0          0          0          0         68   use_no_semi.o
        46          0          0          0          0         60   cmpret.o
       856         20          0          0          0        208   daddsub.o
       144          4          0          0          0         76   dcmpin.o
      1096         26        128          0          0        112   ddiv.o
        72          4          0          0          0         68   dfixui.o
        20          6          0          0          0         68   dnan2.o
       104          4          0          0          0        104   drlef.o
        84          4          0          0          0         60   f2d.o
       348          8          0          0          0        160   faddsub.o
       100          4          0          0          0         68   fcmpin.o
        94          0          0          0          0         92   fflti.o
       176          4          0          0          0         80   fmul.o
        16          6          0          0          0         68   fnan2.o
        88          4          0          0          0         76   frlef.o
        94          0          0          0          0         68   retnan.o
         0          0          0          0          0          0   usenofp.o

    ----------------------------------------------------------------------
      3860        110        128          0          0       1724   Library Totals
        12          0          0          0          0          0   (incl. Padding)

    ----------------------------------------------------------------------

      Code (inc. data)   RO Data    RW Data    ZI Data      Debug   Library Name

       510         16          0          0          0        356   c_p.l
      3338         94        128          0          0       1368   fz_ps.l

    ----------------------------------------------------------------------
      3860        110        128          0          0       1724   Library Totals

    ----------------------------------------------------------------------

==============================================================================


      Code (inc. data)   RO Data    RW Data    ZI Data      Debug   

      8100        580        352         32       2048     596302   Grand Totals
      8100        580        352         32       2048     596302   ELF Image Totals
      8100        580        352         32          0          0   ROM Totals

==============================================================================

    Total RO  Size (Code + RO Data)                 8452 (   8.25kB)
    Total RW  Size (RW Data + ZI Data)              2080 (   2.03kB)
    Total ROM Size (Code + RO Data + RW Data)       8484 (   8.29kB)

==============================================================================

